../Core/Src/main.c:161:5:main	8	static
../Core/Src/main.c:309:6:SystemClock_Config	88	static
../Core/Src/main.c:364:13:MX_ADC1_Init	40	static
../Core/Src/main.c:456:13:MX_CAN1_Init	8	static
../Core/Src/main.c:495:13:MX_CAN2_Init	8	static
../Core/Src/main.c:537:13:MX_IWDG_Init	8	static
../Core/Src/main.c:566:13:MX_UART4_Init	8	static
../Core/Src/main.c:601:13:MX_USART3_UART_Init	8	static
../Core/Src/main.c:634:13:MX_DMA_Init	16	static
../Core/Src/main.c:659:13:MX_GPIO_Init	48	static
../Core/Src/main.c:703:6:HAL_CAN_RxFifo0MsgPendingCallback	16	static
../Core/Src/main.c:710:6:HAL_CAN_RxFifo1MsgPendingCallback	16	static
../Core/Src/main.c:717:6:HAL_ADC_ConvHalfCpltCallback	16	static
../Core/Src/main.c:721:6:HAL_ADC_ConvCpltCallback	16	static
../Core/Src/main.c:725:6:HAL_UART_TxCpltCallback	16	static
../Core/Src/main.c:739:6:HAL_UART_ErrorCallback	16	static
../Core/Src/main.c:763:6:StartDataLogger	16	static
../Core/Src/main.c:777:6:StartMotorsManager	16	static
../Core/Src/main.c:791:6:StartDataManager	16	static
../Core/Src/main.c:815:6:HAL_TIM_PeriodElapsedCallback	16	static
../Core/Src/main.c:833:6:Error_Handler	4	static,ignoring_inline_asm
