../Core/Src/Drive/Inverter.c:17:6:Inverters_Init	8	static
../Core/Src/Drive/Inverter.c:45:24:unpack_u16	16	static
../Core/Src/Drive/Inverter.c:52:24:unpack_u32	16	static
../Core/Src/Drive/Inverter.c:59:20:check_status_bit	16	static
../Core/Src/Drive/Inverter.c:66:13:decode_sm1	16	static
../Core/Src/Drive/Inverter.c:76:13:decode_sm2	16	static
../Core/Src/Drive/Inverter.c:86:13:decode_sm3	16	static
../Core/Src/Drive/Inverter.c:95:13:decode_sm4	16	static
../Core/Src/Drive/Inverter.c:106:13:decode_sm5	16	static
../Core/Src/Drive/Inverter.c:122:24:determine_state	16	static
../Core/Src/Drive/Inverter.c:152:6:Inverter_Init	16	static
../Core/Src/Drive/Inverter.c:170:6:Inverter_UpdateState	24	static
../Core/Src/Drive/Inverter.c:186:6:Inverter_UpdateStatusMessage	24	static
../Core/Src/Drive/Inverter.c:215:23:Inverter_BuildCommand	32	static
../Core/Src/Drive/Inverter.c:286:6:Inverter_HasError	16	static
../Core/Src/Drive/Inverter.c:291:6:Inverter_HasWarning	16	static
../Core/Src/Drive/Inverter.c:296:6:Inverter_CheckTimeout	32	static
../Core/Src/Drive/Inverter.c:303:13:Inverter_GetStateName	16	static
../Core/Src/Drive/Inverter.c:316:6:Inverter_UpdateOffTimeout	16	static
../Core/Src/Drive/Inverter.c:328:6:Inverter_UpdateHVTransitionTimeout	16	static
