Archive member included to satisfy reference by file (symbol)

C:/ST/STM32CubeIDE_1.14.1/STM32CubeIDE/plugins/com.st.stm32cube.ide.mcu.externaltools.gnu-tools-for-stm32.14.3.rel1.win32_1.0.100.202602081740/tools/bin/../lib/gcc/arm-none-eabi/14.3.1/../../../../arm-none-eabi/lib/thumb/v7e-m+fp/hard\libc_nano.a(libc_a-exit.o)
                              C:/ST/STM32CubeIDE_1.14.1/STM32CubeIDE/plugins/com.st.stm32cube.ide.mcu.externaltools.gnu-tools-for-stm32.14.3.rel1.win32_1.0.100.202602081740/tools/bin/../lib/gcc/arm-none-eabi/14.3.1/../../../../arm-none-eabi/lib/thumb/v7e-m+fp/hard/crt0.o (exit)
C:/ST/STM32CubeIDE_1.14.1/STM32CubeIDE/plugins/com.st.stm32cube.ide.mcu.externaltools.gnu-tools-for-stm32.14.3.rel1.win32_1.0.100.202602081740/tools/bin/../lib/gcc/arm-none-eabi/14.3.1/../../../../arm-none-eabi/lib/thumb/v7e-m+fp/hard\libc_nano.a(libc_a-nano-vfprintf_float.o)
                              (_printf_float)
C:/ST/STM32CubeIDE_1.14.1/STM32CubeIDE/plugins/com.st.stm32cube.ide.mcu.externaltools.gnu-tools-for-stm32.14.3.rel1.win32_1.0.100.202602081740/tools/bin/../lib/gcc/arm-none-eabi/14.3.1/../../../../arm-none-eabi/lib/thumb/v7e-m+fp/hard\libc_nano.a(libc_a-nano-vfprintf_i.o)
                              C:/ST/STM32CubeIDE_1.14.1/STM32CubeIDE/plugins/com.st.stm32cube.ide.mcu.externaltools.gnu-tools-for-stm32.14.3.rel1.win32_1.0.100.202602081740/tools/bin/../lib/gcc/arm-none-eabi/14.3.1/../../../../arm-none-eabi/lib/thumb/v7e-m+fp/hard\libc_nano.a(libc_a-nano-vfprintf_float.o) (_printf_common)
C:/ST/STM32CubeIDE_1.14.1/STM32CubeIDE/plugins/com.st.stm32cube.ide.mcu.externaltools.gnu-tools-for-stm32.14.3.rel1.win32_1.0.100.202602081740/tools/bin/../lib/gcc/arm-none-eabi/14.3.1/../../../../arm-none-eabi/lib/thumb/v7e-m+fp/hard\libc_nano.a(libc_a-findfp.o)
                              ./Middlewares/Third_Party/FreeRTOS/Source/tasks.o (__sf)
C:/ST/STM32CubeIDE_1.14.1/STM32CubeIDE/plugins/com.st.stm32cube.ide.mcu.externaltools.gnu-tools-for-stm32.14.3.rel1.win32_1.0.100.202602081740/tools/bin/../lib/gcc/arm-none-eabi/14.3.1/../../../../arm-none-eabi/lib/thumb/v7e-m+fp/hard\libc_nano.a(libc_a-fwalk.o)
                              C:/ST/STM32CubeIDE_1.14.1/STM32CubeIDE/plugins/com.st.stm32cube.ide.mcu.externaltools.gnu-tools-for-stm32.14.3.rel1.win32_1.0.100.202602081740/tools/bin/../lib/gcc/arm-none-eabi/14.3.1/../../../../arm-none-eabi/lib/thumb/v7e-m+fp/hard\libc_nano.a(libc_a-findfp.o) (_fwalk_sglue)
C:/ST/STM32CubeIDE_1.14.1/STM32CubeIDE/plugins/com.st.stm32cube.ide.mcu.externaltools.gnu-tools-for-stm32.14.3.rel1.win32_1.0.100.202602081740/tools/bin/../lib/gcc/arm-none-eabi/14.3.1/../../../../arm-none-eabi/lib/thumb/v7e-m+fp/hard\libc_nano.a(libc_a-stdio.o)
                              C:/ST/STM32CubeIDE_1.14.1/STM32CubeIDE/plugins/com.st.stm32cube.ide.mcu.externaltools.gnu-tools-for-stm32.14.3.rel1.win32_1.0.100.202602081740/tools/bin/../lib/gcc/arm-none-eabi/14.3.1/../../../../arm-none-eabi/lib/thumb/v7e-m+fp/hard\libc_nano.a(libc_a-findfp.o) (__sread)
C:/ST/STM32CubeIDE_1.14.1/STM32CubeIDE/plugins/com.st.stm32cube.ide.mcu.externaltools.gnu-tools-for-stm32.14.3.rel1.win32_1.0.100.202602081740/tools/bin/../lib/gcc/arm-none-eabi/14.3.1/../../../../arm-none-eabi/lib/thumb/v7e-m+fp/hard\libc_nano.a(libc_a-vsnprintf.o)
                              ./Core/Src/Communication/Serial.o (vsnprintf)
C:/ST/STM32CubeIDE_1.14.1/STM32CubeIDE/plugins/com.st.stm32cube.ide.mcu.externaltools.gnu-tools-for-stm32.14.3.rel1.win32_1.0.100.202602081740/tools/bin/../lib/gcc/arm-none-eabi/14.3.1/../../../../arm-none-eabi/lib/thumb/v7e-m+fp/hard\libc_nano.a(libc_a-memset.o)
                              C:/ST/STM32CubeIDE_1.14.1/STM32CubeIDE/plugins/com.st.stm32cube.ide.mcu.externaltools.gnu-tools-for-stm32.14.3.rel1.win32_1.0.100.202602081740/tools/bin/../lib/gcc/arm-none-eabi/14.3.1/../../../../arm-none-eabi/lib/thumb/v7e-m+fp/hard/crt0.o (memset)
C:/ST/STM32CubeIDE_1.14.1/STM32CubeIDE/plugins/com.st.stm32cube.ide.mcu.externaltools.gnu-tools-for-stm32.14.3.rel1.win32_1.0.100.202602081740/tools/bin/../lib/gcc/arm-none-eabi/14.3.1/../../../../arm-none-eabi/lib/thumb/v7e-m+fp/hard\libc_nano.a(libc_a-localeconv.o)
                              C:/ST/STM32CubeIDE_1.14.1/STM32CubeIDE/plugins/com.st.stm32cube.ide.mcu.externaltools.gnu-tools-for-stm32.14.3.rel1.win32_1.0.100.202602081740/tools/bin/../lib/gcc/arm-none-eabi/14.3.1/../../../../arm-none-eabi/lib/thumb/v7e-m+fp/hard\libc_nano.a(libc_a-nano-vfprintf_float.o) (_localeconv_r)
C:/ST/STM32CubeIDE_1.14.1/STM32CubeIDE/plugins/com.st.stm32cube.ide.mcu.externaltools.gnu-tools-for-stm32.14.3.rel1.win32_1.0.100.202602081740/tools/bin/../lib/gcc/arm-none-eabi/14.3.1/../../../../arm-none-eabi/lib/thumb/v7e-m+fp/hard\libc_nano.a(libc_a-closer.o)
[...]
Memory Configuration

Name             Origin             Length             Attributes
RAM              0x20000000         0x00050000         xrw
FLASH            0x08000000         0x00100000         xr
*default*        0x00000000         0xffffffff

Linker script and memory map

LOAD C:/ST/STM32CubeIDE_1.14.1/STM32CubeIDE/plugins/com.st.stm32cube.ide.mcu.externaltools.gnu-tools-for-stm32.14.3.rel1.win32_1.0.100.202602081740/tools/bin/../lib/gcc/arm-none-eabi/14.3.1/thumb/v7e-m+fp/hard/crti.o
LOAD C:/ST/STM32CubeIDE_1.14.1/STM32CubeIDE/plugins/com.st.stm32cube.ide.mcu.externaltools.gnu-tools-for-stm32.14.3.rel1.win32_1.0.100.202602081740/tools/bin/../lib/gcc/arm-none-eabi/14.3.1/thumb/v7e-m+fp/hard/crtbegin.o
LOAD C:/ST/STM32CubeIDE_1.14.1/STM32CubeIDE/plugins/com.st.stm32cube.ide.mcu.externaltools.gnu-tools-for-stm32.14.3.rel1.win32_1.0.100.202602081740/tools/bin/../lib/gcc/arm-none-eabi/14.3.1/../../../../arm-none-eabi/lib/thumb/v7e-m+fp/hard/crt0.o
LOAD ./Core/Src/Communication/Can.o
LOAD ./Core/Src/Communication/Serial.o
LOAD ./Core/Src/Drive/BaseControlMotor.o
LOAD ./Core/Src/Drive/ErrorRecovery.o
LOAD ./Core/Src/Drive/Inverter.o
LOAD ./Core/Src/Drive/Regen.o
LOAD ./Core/Src/Safety/MCU_State.o
LOAD ./Core/Src/Safety/device_state.o
LOAD ./Core/Src/Safety/watchdog.o
LOAD ./Core/Src/Sensors/ADC_Manager.o
LOAD ./Core/Src/Sensors/APPS.o
LOAD ./Core/Src/Sensors/SAS.o
LOAD ./Core/Src/Tasks/data_logger.o
LOAD ./Core/Src/Tasks/data_manager.o
LOAD ./Core/Src/Tasks/motors_manager.o
LOAD ./Core/Src/freertos.o
LOAD ./Core/Src/main.o
LOAD ./Core/Src/mutexes.o
LOAD ./Core/Src/stm32f7xx_hal_msp.o
LOAD ./Core/Src/stm32f7xx_hal_timebase_tim.o
LOAD ./Core/Src/stm32f7xx_it.o
LOAD ./Core/Src/syscalls.o
LOAD ./Core/Src/sysmem.o
LOAD ./Core/Src/system_stm32f7xx.o
LOAD ./Core/Startup/startup_stm32f756zgtx.o
LOAD ./Drivers/STM32F7xx_HAL_Driver/Src/stm32f7xx_hal.o
LOAD ./Drivers/STM32F7xx_HAL_Driver/Src/stm32f7xx_hal_adc.o
LOAD ./Drivers/STM32F7xx_HAL_Driver/Src/stm32f7xx_hal_adc_ex.o
LOAD ./Drivers/STM32F7xx_HAL_Driver/Src/stm32f7xx_hal_can.o
LOAD ./Drivers/STM32F7xx_HAL_Driver/Src/stm32f7xx_hal_cortex.o
LOAD ./Drivers/STM32F7xx_HAL_Driver/Src/stm32f7xx_hal_dma.o
LOAD ./Drivers/STM32F7xx_HAL_Driver/Src/stm32f7xx_hal_dma_ex.o
LOAD ./Drivers/STM32F7xx_HAL_Driver/Src/stm32f7xx_hal_exti.o
LOAD ./Drivers/STM32F7xx_HAL_Driver/Src/stm32f7xx_hal_flash.o
LOAD ./Drivers/STM32F7xx_HAL_Driver/Src/stm32f7xx_hal_flash_ex.o
LOAD ./Drivers/STM32F7xx_HAL_Driver/Src/stm32f7xx_hal_gpio.o
LOAD ./Drivers/STM32F7xx_HAL_Driver/Src/stm32f7xx_hal_i2c.o
LOAD ./Drivers/STM32F7xx_HAL_Driver/Src/stm32f7xx_hal_i2c_ex.o
LOAD ./Drivers/STM32F7xx_HAL_Driver/Src/stm32f7xx_hal_iwdg.o
LOAD ./Drivers/STM32F7xx_HAL_Driver/Src/stm32f7xx_hal_pwr.o
LOAD ./Drivers/STM32F7xx_HAL_Driver/Src/stm32f7xx_hal_pwr_ex.o
LOAD ./Drivers/STM32F7xx_HAL_Driver/Src/stm32f7xx_hal_rcc.o
LOAD ./Drivers/STM32F7xx_HAL_Driver/Src/stm32f7xx_hal_rcc_ex.o
LOAD ./Drivers/STM32F7xx_HAL_Driver/Src/stm32f7xx_hal_tim.o
LOAD ./Drivers/STM32F7xx_HAL_Driver/Src/stm32f7xx_hal_tim_ex.o
LOAD ./Drivers/STM32F7xx_HAL_Driver/Src/stm32f7xx_hal_uart.o
LOAD ./Drivers/STM32F7xx_HAL_Driver/Src/stm32f7xx_hal_uart_ex.o
LOAD ./Middlewares/Third_Party/FreeRTOS/Source/CMSIS_RTOS_V2/cmsis_os2.o
LOAD ./Middlewares/Third_Party/FreeRTOS/Source/croutine.o
LOAD ./Middlewares/Third_Party/FreeRTOS/Source/event_groups.o
LOAD ./Middlewares/Third_Party/FreeRTOS/Source/list.o
LOAD ./Middlewares/Third_Party/FreeRTOS/Source/queue.o
LOAD ./Middlewares/Third_Party/FreeRTOS/Source/stream_buffer.o
LOAD ./Middlewares/Third_Party/FreeRTOS/Source/tasks.o
LOAD ./Middlewares/Third_Party/FreeRTOS/Source/timers.o
LOAD ./Middlewares/Third_Party/FreeRTOS/Source/portable/GCC/ARM_CM7/r0p1/port.o
LOAD ./Middlewares/Third_Party/FreeRTOS/Source/portable/MemMang/heap_4.o
START GROUP
LOAD C:/ST/STM32CubeIDE_1.14.1/STM32CubeIDE/plugins/com.st.stm32cube.ide.mcu.externaltools.gnu-tools-for-stm32.14.3.rel1.win32_1.0.100.202602081740/tools/bin/../lib/gcc/arm-none-eabi/14.3.1/../../../../arm-none-eabi/lib/thumb/v7e-m+fp/hard\libc_nano.a
LOAD C:/ST/STM32CubeIDE_1.14.1/STM32CubeIDE/plugins/com.st.stm32cube.ide.mcu.externaltools.gnu-tools-for-stm32.14.3.rel1.win32_1.0.100.202602081740/tools/bin/../lib/gcc/arm-none-eabi/14.3.1/../../../../arm-none-eabi/lib/thumb/v7e-m+fp/hard\libm.a
END GROUP
START GROUP
LOAD C:/ST/STM32CubeIDE_1.14.1/STM32CubeIDE/plugins/com.st.stm32cube.ide.mcu.externaltools.gnu-tools-for-stm32.14.3.rel1.win32_1.0.100.202602081740/tools/bin/../lib/gcc/arm-none-eabi/14.3.1/thumb/v7e-m+fp/hard\libgcc.a
LOAD C:/ST/STM32CubeIDE_1.14.1/STM32CubeIDE/plugins/com.st.stm32cube.ide.mcu.externaltools.gnu-tools-for-stm32.14.3.rel1.win32_1.0.100.202602081740/tools/bin/../lib/gcc/arm-none-eabi/14.3.1/../../../../arm-none-eabi/lib/thumb/v7e-m+fp/hard\libc_nano.a
END GROUP
START GROUP
LOAD C:/ST/STM32CubeIDE_1.14.1/STM32CubeIDE/plugins/com.st.stm32cube.ide.mcu.externaltools.gnu-tools-for-stm32.14.3.rel1.win32_1.0.100.202602081740/tools/bin/../lib/gcc/arm-none-eabi/14.3.1/thumb/v7e-m+fp/hard\libgcc.a
LOAD C:/ST/STM32CubeIDE_1.14.1/STM32CubeIDE/plugins/com.st.stm32cube.ide.mcu.externaltools.gnu-tools-for-stm32.14.3.rel1.win32_1.0.100.202602081740/tools/bin/../lib/gcc/arm-none-eabi/14.3.1/../../../../arm-none-eabi/lib/thumb/v7e-m+fp/hard\libc_nano.a
LOAD C:/ST/STM32CubeIDE_1.14.1/STM32CubeIDE/plugins/com.st.stm32cube.ide.mcu.externaltools.gnu-tools-for-stm32.14.3.rel1.win32_1.0.100.202602081740/tools/bin/../lib/gcc/arm-none-eabi/14.3.1/../../../../arm-none-eabi/lib/thumb/v7e-m+fp/hard\libnosys.a
END GROUP
START GROUP
LOAD C:/ST/STM32CubeIDE_1.14.1/STM32CubeIDE/plugins/com.st.stm32cube.ide.mcu.externaltools.gnu-tools-for-stm32.14.3.rel1.win32_1.0.100.202602081740/tools/bin/../lib/gcc/arm-none-eabi/14.3.1/thumb/v7e-m+fp/hard\libgcc.a
LOAD C:/ST/STM32CubeIDE_1.14.1/STM32CubeIDE/plugins/com.st.stm32cube.ide.mcu.externaltools.gnu-tools-for-stm32.14.3.rel1.win32_1.0.100.202602081740/tools/bin/../lib/gcc/arm-none-eabi/14.3.1/../../../../arm-none-eabi/lib/thumb/v7e-m+fp/hard\libc_nano.a
LOAD C:/ST/STM32CubeIDE_1.14.1/STM32CubeIDE/plugins/com.st.stm32cube.ide.mcu.externaltools.gnu-tools-for-stm32.14.3.rel1.win32_1.0.100.202602081740/tools/bin/../lib/gcc/arm-none-eabi/14.3.1/../../../../arm-none-eabi/lib/thumb/v7e-m+fp/hard\libnosys.a
END GROUP
LOAD C:/ST/STM32CubeIDE_1.14.1/STM32CubeIDE/plugins/com.st.stm32cube.ide.mcu.externaltools.gnu-tools-for-stm32.14.3.rel1.win32_1.0.100.202602081740/tools/bin/../lib/gcc/arm-none-eabi/14.3.1/thumb/v7e-m+fp/hard/crtend.o
LOAD C:/ST/STM32CubeIDE_1.14.1/STM32CubeIDE/plugins/com.st.stm32cube.ide.mcu.externaltools.gnu-tools-for-stm32.14.3.rel1.win32_1.0.100.202602081740/tools/bin/../lib/gcc/arm-none-eabi/14.3.1/thumb/v7e-m+fp/hard/crtn.o
                0x20050000                        _estack = (ORIGIN (RAM) + LENGTH (RAM))
                0x00000200                        _Min_Heap_Size = 0x200
                0x00000400                        _Min_Stack_Size = 0x400

.isr_vector     0x08000000      0x1c8
                0x08000000                        . = ALIGN (0x4)
 *(.isr_vector)
 .isr_vector    0x08000000      0x1c8 ./Core/Startup/startup_stm32f756zgtx.o
                0x08000000                g_pfnVectors
                0x080001c8                        . = ALIGN (0x4)

.text           0x080001d0    0x11040
                0x080001d0                        . = ALIGN (0x4)
 *(.text)
 .text          0x080001d0       0x40 C:/ST/STM32CubeIDE_1.14.1/STM32CubeIDE/plugins/com.st.stm32cube.ide.mcu.externaltools.gnu-tools-for-stm32.14.3.rel1.win32_1.0.100.202602081740/tools/bin/../lib/gcc/arm-none-eabi/14.3.1/thumb/v7e-m+fp/hard/crtbegin.o
 .text          0x08000210       0xa0 C:/ST/STM32CubeIDE_1.14.1/STM32CubeIDE/plugins/com.st.stm32cube.ide.mcu.externaltools.gnu-tools-for-stm32.14.3.rel1.win32_1.0.100.202602081740/tools/bin/../lib/gcc/arm-none-eabi/14.3.1/../../../../arm-none-eabi/lib/thumb/v7e-m+fp/hard\libc_nano.a(libc_a-memchr.o)
                0x08000210                memchr
 .text          0x080002b0       0x10 C:/ST/STM32CubeIDE_1.14.1/STM32CubeIDE/plugins/com.st.stm32cube.ide.mcu.externaltools.gnu-tools-for-stm32.14.3.rel1.win32_1.0.100.202602081740/tools/bin/../lib/gcc/arm-none-eabi/14.3.1/../../../../arm-none-eabi/lib/thumb/v7e-m+fp/hard\libc_nano.a(libc_a-strlen.o)
                0x080002b0                strlen
 .text          0x080002c0      0x378 C:/ST/STM32CubeIDE_1.14.1/STM32CubeIDE/plugins/com.st.stm32cube.ide.mcu.externaltools.gnu-tools-for-stm32.14.3.rel1.win32_1.0.100.202602081740/tools/bin/../lib/gcc/arm-none-eabi/14.3.1/thumb/v7e-m+fp/hard\libgcc.a(_arm_addsubdf3.o)
                0x080002c0                __aeabi_drsub
                0x080002c8                __aeabi_dsub
                0x080002c8                __subdf3
                0x080002cc                __aeabi_dadd
                0x080002cc                __adddf3
                0x08000544                __floatunsidf
                0x08000544                __aeabi_ui2d
                0x08000564                __floatsidf
                0x08000564                __aeabi_i2d
                0x08000588                __aeabi_f2d
                0x08000588                __extendsfdf2
                0x080005cc                __floatundidf
                0x080005cc                __aeabi_ul2d
                0x080005dc                __floatdidf
                0x080005dc                __aeabi_l2d
 .text          0x08000638      0x424 C:/ST/STM32CubeIDE_1.14.1/STM32CubeIDE/plugins/com.st.stm32cube.ide.mcu.externaltools.gnu-tools-for-stm32.14.3.rel1.win32_1.0.100.202602081740/tools/bin/../lib/gcc/arm-none-eabi/14.3.1/thumb/v7e-m+fp/hard\libgcc.a(_arm_muldivdf3.o)
                0x08000638                __aeabi_dmul
                0x08000638                __muldf3
                0x0800088c                __divdf3
                0x0800088c                __aeabi_ddiv
 .text          0x08000a5c      0x110 C:/ST/STM32CubeIDE_1.14.1/STM32CubeIDE/plugins/com.st.stm32cube.ide.mcu.externaltools.gnu-tools-for-stm32.14.3.rel1.win32_1.0.100.202602081740/tools/bin/../lib/gcc/arm-none-eabi/14.3.1/thumb/v7e-m+fp/hard\libgcc.a(_arm_cmpdf2.o)
                0x08000a5c                __gtdf2
                0x08000a5c                __gedf2
                0x08000a64                __ltdf2
                0x08000a64                __ledf2
                0x08000a6c                __nedf2
                0x08000a6c                __eqdf2
                0x08000a6c                __cmpdf2
                0x08000ae8                __aeabi_cdrcmple
                0x08000af8                __aeabi_cdcmpeq
                0x08000af8                __aeabi_cdcmple
                0x08000b08                __aeabi_dcmpeq
                0x08000b1c                __aeabi_dcmplt
                0x08000b30                __aeabi_dcmple
                0x08000b44                __aeabi_dcmpge
                0x08000b58                __aeabi_dcmpgt
 .text          0x08000b6c       0x2c C:/ST/STM32CubeIDE_1.14.1/STM32CubeIDE/plugins/com.st.stm32cube.ide.mcu.externaltools.gnu-tools-for-stm32.14.3.rel1.win32_1.0.100.202602081740/tools/bin/../lib/gcc/arm-none-eabi/14.3.1/thumb/v7e-m+fp/hard\libgcc.a(_arm_unorddf2.o)
                0x08000b6c                __unorddf2
                0x08000b6c                __aeabi_dcmpun
 .text          0x08000b98       0x50 C:/ST/STM32CubeIDE_1.14.1/STM32CubeIDE/plugins/com.st.stm32cube.ide.mcu.externaltools.gnu-tools-for-stm32.14.3.rel1.win32_1.0.100.202602081740/tools/bin/../lib/gcc/arm-none-eabi/14.3.1/thumb/v7e-m+fp/hard\libgcc.a(_arm_fixdfsi.o)
                0x08000b98                __aeabi_d2iz
                0x08000b98                __fixdfsi
 .text          0x08000be8       0xa0 C:/ST/STM32CubeIDE_1.14.1/STM32CubeIDE/plugins/com.st.stm32cube.ide.mcu.externaltools.gnu-tools-for-stm32.14.3.rel1.win32_1.0.100.202602081740/tools/bin/../lib/gcc/arm-none-eabi/14.3.1/thumb/v7e-m+fp/hard\libgcc.a(_arm_truncdfsf2.o)
                0x08000be8                __truncdfsf2
                0x08000be8                __aeabi_d2f
 .text          0x08000c88       0x30 C:/ST/STM32CubeIDE_1.14.1/STM32CubeIDE/plugins/com.st.stm32cube.ide.mcu.externaltools.gnu-tools-for-stm32.14.3.rel1.win32_1.0.100.202602081740/tools/bin/../lib/gcc/arm-none-eabi/14.3.1/thumb/v7e-m+fp/hard\libgcc.a(_aeabi_uldivmod.o)
                0x08000c88                __aeabi_uldivmod
 .text          0x08000cb8      0x2f8 C:/ST/STM32CubeIDE_1.14.1/STM32CubeIDE/plugins/com.st.stm32cube.ide.mcu.externaltools.gnu-tools-for-stm32.14.3.rel1.win32_1.0.100.202602081740/tools/bin/../lib/gcc/arm-none-eabi/14.3.1/thumb/v7e-m+fp/hard\libgcc.a(_udivmoddi4.o)
                0x08000cb8                __udivmoddi4
 .text          0x08000fb0        0x4 C:/ST/STM32CubeIDE_1.14.1/STM32CubeIDE/plugins/com.st.stm32cube.ide.mcu.externaltools.gnu-tools-for-stm32.14.3.rel1.win32_1.0.100.202602081740/tools/bin/../lib/gcc/arm-none-eabi/14.3.1/thumb/v7e-m+fp/hard\libgcc.a(_dvmd_tls.o)
                0x08000fb0                __aeabi_idiv0
                0x08000fb0                __aeabi_ldiv0
 *(.text*)
 .text.CAN_ProcessQueue_Init
                0x08000fb4       0x24 ./Core/Src/Communication/Can.o
                0x08000fb4                CAN_ProcessQueue_Init
 .text.CAN_ProcessQueueDrain
                0x08000fd8       0x44 ./Core/Src/Communication/Can.o
                0x08000fd8                CAN_ProcessQueueDrain
 .text.CAN_EnqueueRxMessage
                0x0800101c       0x80 ./Core/Src/Communication/Can.o
 .text.CAN_Car_ProcessQueue_Init
                0x0800109c       0x24 ./Core/Src/Communication/Can.o
                0x0800109c                CAN_Car_ProcessQueue_Init
 .text.CAN_QueuesReady
                0x080010c0       0x34 ./Core/Src/Communication/Can.o
                0x080010c0                CAN_QueuesReady
 .text.CAN_Car_EnqueueRxMessage
                0x080010f4       0x80 ./Core/Src/Communication/Can.o
 .text.CAN_Car_ProcessQueueDrain
                0x08001174       0x44 ./Core/Src/Communication/Can.o
                0x08001174                CAN_Car_ProcessQueueDrain
 .text.pack_u16
                0x080011b8       0x2e ./Core/Src/Communication/Can.o
 .text.pack_i16
                0x080011e6       0x1e ./Core/Src/Communication/Can.o
 .text.CAN_Inverter_Init
                0x08001204       0xe0 ./Core/Src/Communication/Can.o
                0x08001204                CAN_Inverter_Init
 .text.CAN_Car_Init
                0x080012e4       0x94 ./Core/Src/Communication/Can.o
                0x080012e4                CAN_Car_Init
 .text.HAL_CAN_ErrorCallback
                0x08001378       0x74 ./Core/Src/Communication/Can.o
                0x08001378                HAL_CAN_ErrorCallback
 .text.CAN_Inverter_Register
                0x080013ec       0x38 ./Core/Src/Communication/Can.o
                0x080013ec                CAN_Inverter_Register
 .text.configure_can_filters
                0x08001424       0xfc ./Core/Src/Communication/Can.o
 .text.CAN_Car_ProcessRxMessages
                0x08001520       0x52 ./Core/Src/Communication/Can.o
                0x08001520                CAN_Car_ProcessRxMessages
 *fill*         0x08001572        0x2 
 .text.process_car_rx_message
                0x08001574      0x344 ./Core/Src/Communication/Can.o
 .text.CAN_GetCan1State
                0x080018b8       0x18 ./Core/Src/Communication/Can.o
                0x080018b8                CAN_GetCan1State
 .text.CAN_GetCan2State
                0x080018d0       0x18 ./Core/Src/Communication/Can.o
                0x080018d0                CAN_GetCan2State
 .text.CAN_ServiceRecovery
                0x080018e8       0x80 ./Core/Src/Communication/Can.o
                0x080018e8                CAN_ServiceRecovery
 .text.CAN_Inverter_ProcessRxMessages
                0x08001968       0x52 ./Core/Src/Communication/Can.o
                0x08001968                CAN_Inverter_ProcessRxMessages
 *fill*         0x080019ba        0x2 
 .text.process_rx_message
                0x080019bc       0x98 ./Core/Src/Communication/Can.o
 .text.find_inverter_by_rx_id
                0x08001a54       0xdc ./Core/Src/Communication/Can.o
 .text.transmit_can_message
                0x08001b30       0x5c ./Core/Src/Communication/Can.o
 .text.CAN_Inverter_TransmitCommand
                0x08001b8c       0x98 ./Core/Src/Communication/Can.o
                0x08001b8c                CAN_Inverter_TransmitCommand
 .text.Serial_Log
                0x08001c24      0x1a0 ./Core/Src/Communication/Serial.o
                0x08001c24                Serial_Log
 *fill*         0x08001dc4        0x4 
 .text.Motor_CalculateDynamicTorqueLimit
                0x08001dc8       0xec ./Core/Src/Drive/BaseControlMotor.o
                0x08001dc8                Motor_CalculateDynamicTorqueLimit
 .text.Motor_ApplyTorqueRateLimit
                0x08001eb4       0x5e ./Core/Src/Drive/BaseControlMotor.o
                0x08001eb4                Motor_ApplyTorqueRateLimit
 *fill*         0x08001f12        0x2 
 .text.Motor_UpdateStatusLeds
                0x08001f14       0x60 ./Core/Src/Drive/BaseControlMotor.o
                0x08001f14                Motor_UpdateStatusLeds
 .text.Motor_ProcessInverterControl
                0x08001f74      0x24c ./Core/Src/Drive/BaseControlMotor.o
                0x08001f74                Motor_ProcessInverterControl
 .text.ErrorRecovery_GetCtx
                0x080021c0       0x44 ./Core/Src/Drive/ErrorRecovery.o
                0x080021c0                ErrorRecovery_GetCtx
 .text.ErrorRecovery_Process
                0x08002204      0x1d8 ./Core/Src/Drive/ErrorRecovery.o
                0x08002204                ErrorRecovery_Process
 .text.ErrorRecovery_Reset
                0x080023dc       0x2e ./Core/Src/Drive/ErrorRecovery.o
                0x080023dc                ErrorRecovery_Reset
 *fill*         0x0800240a        0x2 
 .text.Inverters_Init
                0x0800240c       0x3c ./Core/Src/Drive/Inverter.o
                0x0800240c                Inverters_Init
 .text.unpack_u16
                0x08002448       0x2e ./Core/Src/Drive/Inverter.o
 .text.unpack_u32
                0x08002476       0x3c ./Core/Src/Drive/Inverter.o
 .text.check_status_bit
                0x080024b2       0x2e ./Core/Src/Drive/Inverter.o
 .text.decode_sm1
                0x080024e0       0x80 ./Core/Src/Drive/Inverter.o
 .text.decode_sm2
                0x08002560       0x80 ./Core/Src/Drive/Inverter.o
 .text.decode_sm3
                0x080025e0       0x7c ./Core/Src/Drive/Inverter.o
 .text.decode_sm4
                0x0800265c       0x58 ./Core/Src/Drive/Inverter.o
 .text.decode_sm5
                0x080026b4       0x54 ./Core/Src/Drive/Inverter.o
 .text.determine_state
                0x08002708       0x82 ./Core/Src/Drive/Inverter.o
 .text.Inverter_Init
                0x0800278a       0x7e ./Core/Src/Drive/Inverter.o
                0x0800278a                Inverter_Init
 .text.Inverter_UpdateState
                0x08002808       0x58 ./Core/Src/Drive/Inverter.o
                0x08002808                Inverter_UpdateState
 .text.Inverter_UpdateStatusMessage
                0x08002860       0x7c ./Core/Src/Drive/Inverter.o
                0x08002860                Inverter_UpdateStatusMessage
 .text.Inverter_BuildCommand
                0x080028dc      0x10c ./Core/Src/Drive/Inverter.o
                0x080028dc                Inverter_BuildCommand
 .text.Inverter_HasError
                0x080029e8       0x2a ./Core/Src/Drive/Inverter.o
                0x080029e8                Inverter_HasError
 *fill*         0x08002a12        0x2 
 .text.Inverter_GetStateName
                0x08002a14       0x84 ./Core/Src/Drive/Inverter.o
                0x08002a14                Inverter_GetStateName
 .text.Inverter_UpdateOffTimeout
                0x08002a98       0x4c ./Core/Src/Drive/Inverter.o
                0x08002a98                Inverter_UpdateOffTimeout
 .text.Inverter_UpdateHVTransitionTimeout
                0x08002ae4       0x58 ./Core/Src/Drive/Inverter.o
                0x08002ae4                Inverter_UpdateHVTransitionTimeout
 .text.set_state
                0x08002b3c       0x38 ./Core/Src/Safety/MCU_State.o
 .text.MCU_State_Update
                0x08002b74      0x1e0 ./Core/Src/Safety/MCU_State.o
                0x08002b74                MCU_State_Update
 .text.MCU_IsTorqueAllowed
                0x08002d54       0x24 ./Core/Src/Safety/MCU_State.o
                0x08002d54                MCU_IsTorqueAllowed
 .text.DeviceState_Set
                0x08002d78       0x20 ./Core/Src/Safety/device_state.o
                0x08002d78                DeviceState_Set
 .text.Watchdog_Refresh
                0x08002d98       0x14 ./Core/Src/Safety/watchdog.o
                0x08002d98                Watchdog_Refresh
 .text.ADC_Manager_Init
                0x08002dac       0x58 ./Core/Src/Sensors/ADC_Manager.o
                0x08002dac                ADC_Manager_Init
 .text.ADC_Manager_ConversionComplete
                0x08002e04       0x68 ./Core/Src/Sensors/ADC_Manager.o
                0x08002e04                ADC_Manager_ConversionComplete
 .text.ADC_Manager_GetAPPS
                0x08002e6c       0x28 ./Core/Src/Sensors/ADC_Manager.o
                0x08002e6c                ADC_Manager_GetAPPS
 .text.ADC_Manager_GetSteering
                0x08002e94       0x24 ./Core/Src/Sensors/ADC_Manager.o
                0x08002e94                ADC_Manager_GetSteering
 .text.sort_array
                0x08002eb8       0x94 ./Core/Src/Sensors/APPS.o
 .text.apply_median_filter
                0x08002f4c      0x100 ./Core/Src/Sensors/APPS.o
 .text.apply_moving_average
                0x0800304c       0xe4 ./Core/Src/Sensors/APPS.o
 .text.apply_filter
                0x08003130       0x36 ./Core/Src/Sensors/APPS.o
 *fill*         0x08003166        0x2 
 .text.normalize_to_percent
                0x08003168       0x90 ./Core/Src/Sensors/APPS.o
 .text.check_reset_condition
                0x080031f8       0x40 ./Core/Src/Sensors/APPS.o
 .text.run_plausibility_checks
                0x08003238       0x68 ./Core/Src/Sensors/APPS.o
 .text.APPS_Init
                0x080032a0       0x70 ./Core/Src/Sensors/APPS.o
                0x080032a0                APPS_Init
 .text.APPS_Update
                0x08003310       0xb8 ./Core/Src/Sensors/APPS.o
                0x08003310                APPS_Update
 .text.sort_array
                0x080033c8       0x94 ./Core/Src/Sensors/SAS.o
 .text.apply_median_filter
                0x0800345c       0xb4 ./Core/Src/Sensors/SAS.o
 .text.apply_moving_average
                0x08003510       0xa0 ./Core/Src/Sensors/SAS.o
 .text.apply_filter
                0x080035b0       0x28 ./Core/Src/Sensors/SAS.o
 .text.adc_to_angle
                0x080035d8       0xb8 ./Core/Src/Sensors/SAS.o
 .text.check_out_of_range
                0x08003690       0x68 ./Core/Src/Sensors/SAS.o
 .text.SAS_Init
                0x080036f8       0x8c ./Core/Src/Sensors/SAS.o
                0x080036f8                SAS_Init
 .text.SAS_Update
                0x08003784       0x90 ./Core/Src/Sensors/SAS.o
                0x08003784                SAS_Update
 *fill*         0x08003814        0x4 
 .text.DataLoggerTask
                0x08003818      0x4d8 ./Core/Src/Tasks/data_logger.o
                0x08003818                DataLoggerTask
 .text.DataReadings_Init
                0x08003cf0       0x1c ./Core/Src/Tasks/data_manager.o
                0x08003cf0                DataReadings_Init
 .text.DataManagerTask
                0x08003d0c      0x150 ./Core/Src/Tasks/data_manager.o
                0x08003d0c                DataManagerTask
 .text.Readings_GetAppsRaw
                0x08003e5c       0x20 ./Core/Src/Tasks/data_manager.o
                0x08003e5c                Readings_GetAppsRaw
 .text.Readings_GetApps
                0x08003e7c       0x30 ./Core/Src/Tasks/data_manager.o
                0x08003e7c                Readings_GetApps
 .text.Readings_GetSAS
                0x08003eac       0x30 ./Core/Src/Tasks/data_manager.o
                0x08003eac                Readings_GetSAS
 .text.MotorsManagerTask
                0x08003edc      0x1e0 ./Core/Src/Tasks/motors_manager.o
                0x08003edc                MotorsManagerTask
 .text.InvertersManage_GetErrorSnapshot
                0x080040bc       0x50 ./Core/Src/Tasks/motors_manager.o
                0x080040bc                InvertersManage_GetErrorSnapshot
 .text.InvertersManage_GetErrorSnapshotRight
                0x0800410c       0x50 ./Core/Src/Tasks/motors_manager.o
                0x0800410c                InvertersManage_GetErrorSnapshotRight
 .text.InvertersManage_GetTimingStats
                0x0800415c       0x38 ./Core/Src/Tasks/motors_manager.o
                0x0800415c                InvertersManage_GetTimingStats
 .text.InvertersManage_GetLeft
                0x08004194       0x2c ./Core/Src/Tasks/motors_manager.o
                0x08004194                InvertersManage_GetLeft
 .text.InvertersManage_GetRight
                0x080041c0       0x2c ./Core/Src/Tasks/motors_manager.o
                0x080041c0                InvertersManage_GetRight
 .text.InvertersManage_GetControlSignals
                0x080041ec       0x40 ./Core/Src/Tasks/motors_manager.o
                0x080041ec                InvertersManage_GetControlSignals
 .text.vApplicationStackOverflowHook
                0x0800422c       0x24 ./Core/Src/freertos.o
                0x0800422c                vApplicationStackOverflowHook
 .text.vApplicationMallocFailedHook
                0x08004250        0xe ./Core/Src/freertos.o
                0x08004250                vApplicationMallocFailedHook
 *fill*         0x0800425e        0x2 
 .text.main     0x08004260      0x170 ./Core/Src/main.o
                0x08004260                main
 .text.SystemClock_Config
                0x080043d0       0xdc ./Core/Src/main.o
                0x080043d0                SystemClock_Config
 .text.MX_ADC1_Init
                0x080044ac      0x12c ./Core/Src/main.o
 .text.MX_CAN1_Init
                0x080045d8       0x6c ./Core/Src/main.o
 .text.MX_CAN2_Init
                0x08004644       0x6c ./Core/Src/main.o
 .text.MX_IWDG_Init
                0x080046b0       0x3c ./Core/Src/main.o
 .text.MX_UART4_Init
                0x080046ec       0x60 ./Core/Src/main.o
 .text.MX_USART3_UART_Init
                0x0800474c       0x60 ./Core/Src/main.o
 .text.MX_DMA_Init
                0x080047ac       0x74 ./Core/Src/main.o
 .text.MX_GPIO_Init
                0x08004820       0xe0 ./Core/Src/main.o
 .text.HAL_CAN_RxFifo0MsgPendingCallback
                0x08004900       0x24 ./Core/Src/main.o
                0x08004900                HAL_CAN_RxFifo0MsgPendingCallback
 .text.HAL_CAN_RxFifo1MsgPendingCallback
                0x08004924       0x24 ./Core/Src/main.o
                0x08004924                HAL_CAN_RxFifo1MsgPendingCallback
 .text.HAL_ADC_ConvHalfCpltCallback
                0x08004948       0x14 ./Core/Src/main.o
                0x08004948                HAL_ADC_ConvHalfCpltCallback
 .text.HAL_ADC_ConvCpltCallback
                0x0800495c       0x16 ./Core/Src/main.o
                0x0800495c                HAL_ADC_ConvCpltCallback
 *fill*         0x08004972        0x2 
 .text.HAL_UART_TxCpltCallback
                0x08004974       0x40 ./Core/Src/main.o
                0x08004974                HAL_UART_TxCpltCallback
 .text.HAL_UART_ErrorCallback
                0x080049b4       0x40 ./Core/Src/main.o
                0x080049b4                HAL_UART_ErrorCallback
 .text.StartDataLogger
                0x080049f4       0x14 ./Core/Src/main.o
                0x080049f4                StartDataLogger
 .text.StartMotorsManager
                0x08004a08       0x14 ./Core/Src/main.o
                0x08004a08                StartMotorsManager
 .text.StartDataManager
                0x08004a1c       0x3c ./Core/Src/main.o
                0x08004a1c                StartDataManager
 .text.HAL_TIM_PeriodElapsedCallback
                0x08004a58       0x24 ./Core/Src/main.o
                0x08004a58                HAL_TIM_PeriodElapsedCallback
 .text.Error_Handler
                0x08004a7c        0xc ./Core/Src/main.o
                0x08004a7c                Error_Handler
 .text.Mutex_APPS_Lock
                0x08004a88       0x24 ./Core/Src/mutexes.o
                0x08004a88                Mutex_APPS_Lock
 .text.Mutex_APPS_Unlock
                0x08004aac       0x20 ./Core/Src/mutexes.o
                0x08004aac                Mutex_APPS_Unlock
 .text.Mutex_SAS_Lock
                0x08004acc       0x24 ./Core/Src/mutexes.o
                0x08004acc                Mutex_SAS_Lock
 .text.Mutex_SAS_Unlock
                0x08004af0       0x20 ./Core/Src/mutexes.o
                0x08004af0                Mutex_SAS_Unlock
 .text.Mutex_INVERTER_L_Lock
                0x08004b10       0x24 ./Core/Src/mutexes.o
                0x08004b10                Mutex_INVERTER_L_Lock
 .text.Mutex_INVERTER_L_Unlock
                0x08004b34       0x20 ./Core/Src/mutexes.o
                0x08004b34                Mutex_INVERTER_L_Unlock
 .text.Mutex_INVERTER_R_Lock
                0x08004b54       0x24 ./Core/Src/mutexes.o
                0x08004b54                Mutex_INVERTER_R_Lock
 .text.Mutex_INVERTER_R_Unlock
                0x08004b78       0x20 ./Core/Src/mutexes.o
                0x08004b78                Mutex_INVERTER_R_Unlock
 .text.Mutex_UART4_Lock
                0x08004b98       0x24 ./Core/Src/mutexes.o
                0x08004b98                Mutex_UART4_Lock
 .text.Mutex_UART4_Unlock
                0x08004bbc       0x20 ./Core/Src/mutexes.o
                0x08004bbc                Mutex_UART4_Unlock
 .text.Mutex_UART3_Lock
                0x08004bdc       0x24 ./Core/Src/mutexes.o
                0x08004bdc                Mutex_UART3_Lock
 .text.Mutex_UART3_Unlock
                0x08004c00       0x20 ./Core/Src/mutexes.o
                0x08004c00                Mutex_UART3_Unlock
 .text.Mutex_CAN1_Lock
                0x08004c20       0x24 ./Core/Src/mutexes.o
                0x08004c20                Mutex_CAN1_Lock
 .text.Mutex_CAN1_Unlock
                0x08004c44       0x20 ./Core/Src/mutexes.o
                0x08004c44                Mutex_CAN1_Unlock
 .text.Mutex_CAN2_Lock
                0x08004c64       0x24 ./Core/Src/mutexes.o
                0x08004c64                Mutex_CAN2_Lock
 .text.Mutex_CAN2_Unlock
                0x08004c88       0x20 ./Core/Src/mutexes.o
                0x08004c88                Mutex_CAN2_Unlock
 .text.HAL_MspInit
                0x08004ca8       0x50 ./Core/Src/stm32f7xx_hal_msp.o
                0x08004ca8                HAL_MspInit
 .text.HAL_ADC_MspInit
                0x08004cf8      0x12c ./Core/Src/stm32f7xx_hal_msp.o
                0x08004cf8                HAL_ADC_MspInit
 .text.HAL_CAN_MspInit
                0x08004e24      0x15c ./Core/Src/stm32f7xx_hal_msp.o
                0x08004e24                HAL_CAN_MspInit
 .text.HAL_UART_MspInit
                0x08004f80      0x234 ./Core/Src/stm32f7xx_hal_msp.o
                0x08004f80                HAL_UART_MspInit
 .text.HAL_InitTick
                0x080051b4       0xf4 ./Core/Src/stm32f7xx_hal_timebase_tim.o
                0x080051b4                HAL_InitTick
 .text.NMI_Handler
                0x080052a8        0x8 ./Core/Src/stm32f7xx_it.o
                0x080052a8                NMI_Handler
 .text.HardFault_Handler
                0x080052b0        0x8 ./Core/Src/stm32f7xx_it.o
                0x080052b0                HardFault_Handler
 .text.MemManage_Handler
                0x080052b8        0x8 ./Core/Src/stm32f7xx_it.o
                0x080052b8                MemManage_Handler
 .text.BusFault_Handler
                0x080052c0        0x8 ./Core/Src/stm32f7xx_it.o
                0x080052c0                BusFault_Handler
 .text.UsageFault_Handler
                0x080052c8        0x8 ./Core/Src/stm32f7xx_it.o
                0x080052c8                UsageFault_Handler
 .text.DebugMon_Handler
                0x080052d0        0xe ./Core/Src/stm32f7xx_it.o
                0x080052d0                DebugMon_Handler
 *fill*         0x080052de        0x2 
 .text.DMA1_Stream3_IRQHandler
                0x080052e0       0x14 ./Core/Src/stm32f7xx_it.o
                0x080052e0                DMA1_Stream3_IRQHandler
 .text.DMA1_Stream4_IRQHandler
                0x080052f4       0x14 ./Core/Src/stm32f7xx_it.o
                0x080052f4                DMA1_Stream4_IRQHandler
 .text.ADC_IRQHandler
                0x08005308       0x14 ./Core/Src/stm32f7xx_it.o
                0x08005308                ADC_IRQHandler
 .text.CAN1_RX0_IRQHandler
                0x0800531c       0x14 ./Core/Src/stm32f7xx_it.o
                0x0800531c                CAN1_RX0_IRQHandler
 .text.CAN1_SCE_IRQHandler
                0x08005330       0x14 ./Core/Src/stm32f7xx_it.o
                0x08005330                CAN1_SCE_IRQHandler
 .text.USART3_IRQHandler
                0x08005344       0x14 ./Core/Src/stm32f7xx_it.o
                0x08005344                USART3_IRQHandler
 .text.EXTI15_10_IRQHandler
                0x08005358       0x10 ./Core/Src/stm32f7xx_it.o
                0x08005358                EXTI15_10_IRQHandler
 .text.UART4_IRQHandler
                0x08005368       0x14 ./Core/Src/stm32f7xx_it.o
                0x08005368                UART4_IRQHandler
 .text.TIM7_IRQHandler
                0x0800537c       0x14 ./Core/Src/stm32f7xx_it.o
                0x0800537c                TIM7_IRQHandler
 .text.DMA2_Stream0_IRQHandler
                0x08005390       0x14 ./Core/Src/stm32f7xx_it.o
                0x08005390                DMA2_Stream0_IRQHandler
 .text.CAN2_RX1_IRQHandler
                0x080053a4       0x14 ./Core/Src/stm32f7xx_it.o
                0x080053a4                CAN2_RX1_IRQHandler
 .text._getpid  0x080053b8       0x10 ./Core/Src/syscalls.o
                0x080053b8                _getpid
 .text._kill    0x080053c8       0x20 ./Core/Src/syscalls.o
                0x080053c8                _kill
 .text._exit    0x080053e8       0x16 ./Core/Src/syscalls.o
                0x080053e8                _exit
 .text._read    0x080053fe       0x3a ./Core/Src/syscalls.o
                0x080053fe                _read
 .text._write   0x08005438       0x38 ./Core/Src/syscalls.o
                0x08005438                _write
 .text._close   0x08005470       0x18 ./Core/Src/syscalls.o
                0x08005470                _close
 .text._fstat   0x08005488       0x20 ./Core/Src/syscalls.o
                0x08005488                _fstat
 .text._isatty  0x080054a8       0x16 ./Core/Src/syscalls.o
                0x080054a8                _isatty
 .text._lseek   0x080054be       0x1a ./Core/Src/syscalls.o
                0x080054be                _lseek
 .text._sbrk    0x080054d8       0x6c ./Core/Src/sysmem.o
                0x080054d8                _sbrk
 .text.SystemInit
                0x08005544       0x24 ./Core/Src/system_stm32f7xx.o
                0x08005544                SystemInit
 .text.Reset_Handler
                0x08005568       0x50 ./Core/Startup/startup_stm32f756zgtx.o
                0x08005568                Reset_Handler
 .text.Default_Handler
                0x080055b8        0x2 ./Core/Startup/startup_stm32f756zgtx.o
                0x080055b8                RTC_Alarm_IRQHandler
                0x080055b8                HASH_RNG_IRQHandler
                0x080055b8                EXTI2_IRQHandler
                0x080055b8                TIM8_CC_IRQHandler
                0x080055b8                UART8_IRQHandler
                0x080055b8                SPI4_IRQHandler
                0x080055b8                TIM1_CC_IRQHandler
                0x080055b8                DMA2_Stream5_IRQHandler
                0x080055b8                DMA1_Stream5_IRQHandler
                0x080055b8                PVD_IRQHandler
                0x080055b8                TAMP_STAMP_IRQHandler
                0x080055b8                EXTI3_IRQHandler
                0x080055b8                TIM8_TRG_COM_TIM14_IRQHandler
                0x080055b8                TIM1_UP_TIM10_IRQHandler
                0x080055b8                TIM8_UP_TIM13_IRQHandler
                0x080055b8                I2C3_ER_IRQHandler
                0x080055b8                EXTI0_IRQHandler
                0x080055b8                I2C2_EV_IRQHandler
                0x080055b8                DMA1_Stream2_IRQHandler
                0x080055b8                FPU_IRQHandler
                0x080055b8                OTG_HS_WKUP_IRQHandler
                0x080055b8                LTDC_ER_IRQHandler
                0x080055b8                CAN2_SCE_IRQHandler
                0x080055b8                DMA2_Stream2_IRQHandler
                0x080055b8                SPI1_IRQHandler
                0x080055b8                TIM6_DAC_IRQHandler
                0x080055b8                TIM1_BRK_TIM9_IRQHandler
                0x080055b8                DCMI_IRQHandler
                0x080055b8                CAN2_RX0_IRQHandler
                0x080055b8                DMA2_Stream3_IRQHandler
                0x080055b8                SAI2_IRQHandler
                0x080055b8                USART6_IRQHandler
                0x080055b8                CRYP_IRQHandler
                0x080055b8                CAN1_RX1_IRQHandler
                0x080055b8                UART5_IRQHandler
                0x080055b8                TIM4_IRQHandler
                0x080055b8                QUADSPI_IRQHandler
                0x080055b8                I2C1_EV_IRQHandler
                0x080055b8                DMA1_Stream6_IRQHandler
                0x080055b8                DMA1_Stream1_IRQHandler
                0x080055b8                TIM3_IRQHandler
                0x080055b8                RCC_IRQHandler
                0x080055b8                TIM8_BRK_TIM12_IRQHandler
                0x080055b8                Default_Handler
                0x080055b8                CEC_IRQHandler
                0x080055b8                DMA1_Stream7_IRQHandler
                0x080055b8                SPI5_IRQHandler
                0x080055b8                SDMMC1_IRQHandler
                0x080055b8                CAN2_TX_IRQHandler
                0x080055b8                TIM5_IRQHandler
                0x080055b8                DMA2_Stream7_IRQHandler
                0x080055b8                I2C3_EV_IRQHandler
                0x080055b8                EXTI9_5_IRQHandler
                0x080055b8                RTC_WKUP_IRQHandler
                0x080055b8                LTDC_IRQHandler
                0x080055b8                ETH_WKUP_IRQHandler
                0x080055b8                SPDIF_RX_IRQHandler
                0x080055b8                SPI2_IRQHandler
                0x080055b8                OTG_HS_EP1_IN_IRQHandler
                0x080055b8                DMA1_Stream0_IRQHandler
                0x080055b8                CAN1_TX_IRQHandler
                0x080055b8                EXTI4_IRQHandler
                0x080055b8                ETH_IRQHandler
                0x080055b8                OTG_HS_EP1_OUT_IRQHandler
                0x080055b8                WWDG_IRQHandler
                0x080055b8                SPI6_IRQHandler
                0x080055b8                I2C4_EV_IRQHandler
                0x080055b8                TIM2_IRQHandler
                0x080055b8                OTG_FS_WKUP_IRQHandler
                0x080055b8                TIM1_TRG_COM_TIM11_IRQHandler
                0x080055b8                OTG_HS_IRQHandler
                0x080055b8                DMA2D_IRQHandler
                0x080055b8                EXTI1_IRQHandler
                0x080055b8                UART7_IRQHandler
                0x080055b8                USART2_IRQHandler
                0x080055b8                I2C2_ER_IRQHandler
                0x080055b8                DMA2_Stream1_IRQHandler
                0x080055b8                FLASH_IRQHandler
                0x080055b8                DMA2_Stream4_IRQHandler
                0x080055b8                USART1_IRQHandler
                0x080055b8                OTG_FS_IRQHandler
                0x080055b8                SPI3_IRQHandler
                0x080055b8                I2C1_ER_IRQHandler
                0x080055b8                FMC_IRQHandler
                0x080055b8                LPTIM1_IRQHandler
                0x080055b8                I2C4_ER_IRQHandler
                0x080055b8                DMA2_Stream6_IRQHandler
                0x080055b8                SAI1_IRQHandler
 .text.HAL_Init
                0x080055ba       0x1a ./Drivers/STM32F7xx_HAL_Driver/Src/stm32f7xx_hal.o
                0x080055ba                HAL_Init
 .text.HAL_IncTick
                0x080055d4       0x28 ./Drivers/STM32F7xx_HAL_Driver/Src/stm32f7xx_hal.o
                0x080055d4                HAL_IncTick
 .text.HAL_GetTick
                0x080055fc       0x18 ./Drivers/STM32F7xx_HAL_Driver/Src/stm32f7xx_hal.o
                0x080055fc                HAL_GetTick
 .text.HAL_ADC_Init
                0x08005614       0x88 ./Drivers/STM32F7xx_HAL_Driver/Src/stm32f7xx_hal_adc.o
                0x08005614                HAL_ADC_Init
 .text.HAL_ADC_IRQHandler
                0x0800569c      0x220 ./Drivers/STM32F7xx_HAL_Driver/Src/stm32f7xx_hal_adc.o
                0x0800569c                HAL_ADC_IRQHandler
 .text.HAL_ADC_Start_DMA
                0x080058bc      0x1fc ./Drivers/STM32F7xx_HAL_Driver/Src/stm32f7xx_hal_adc.o
                0x080058bc                HAL_ADC_Start_DMA
 .text.HAL_ADC_LevelOutOfWindowCallback
                0x08005ab8       0x14 ./Drivers/STM32F7xx_HAL_Driver/Src/stm32f7xx_hal_adc.o
                0x08005ab8                HAL_ADC_LevelOutOfWindowCallback
 .text.HAL_ADC_ErrorCallback
                0x08005acc       0x14 ./Drivers/STM32F7xx_HAL_Driver/Src/stm32f7xx_hal_adc.o
                0x08005acc                HAL_ADC_ErrorCallback
 .text.HAL_ADC_ConfigChannel
                0x08005ae0      0x2b4 ./Drivers/STM32F7xx_HAL_Driver/Src/stm32f7xx_hal_adc.o
                0x08005ae0                HAL_ADC_ConfigChannel
 .text.ADC_Init
                0x08005d94      0x1f4 ./Drivers/STM32F7xx_HAL_Driver/Src/stm32f7xx_hal_adc.o
 .text.ADC_DMAConvCplt
                0x08005f88       0xba ./Drivers/STM32F7xx_HAL_Driver/Src/stm32f7xx_hal_adc.o
 .text.ADC_DMAHalfConvCplt
                0x08006042       0x1c ./Drivers/STM32F7xx_HAL_Driver/Src/stm32f7xx_hal_adc.o
 .text.ADC_DMAError
                0x0800605e       0x2e ./Drivers/STM32F7xx_HAL_Driver/Src/stm32f7xx_hal_adc.o
 .text.HAL_ADCEx_InjectedConvCpltCallback
                0x0800608c       0x14 ./Drivers/STM32F7xx_HAL_Driver/Src/stm32f7xx_hal_adc_ex.o
                0x0800608c                HAL_ADCEx_InjectedConvCpltCallback
 .text.HAL_CAN_Init
                0x080060a0      0x1f6 ./Drivers/STM32F7xx_HAL_Driver/Src/stm32f7xx_hal_can.o
                0x080060a0                HAL_CAN_Init
 *fill*         0x08006296        0x2 
 .text.HAL_CAN_ConfigFilter
                0x08006298      0x1bc ./Drivers/STM32F7xx_HAL_Driver/Src/stm32f7xx_hal_can.o
                0x08006298                HAL_CAN_ConfigFilter
 .text.HAL_CAN_Start
                0x08006454       0x88 ./Drivers/STM32F7xx_HAL_Driver/Src/stm32f7xx_hal_can.o
                0x08006454                HAL_CAN_Start
 .text.HAL_CAN_Stop
                0x080064dc       0x92 ./Drivers/STM32F7xx_HAL_Driver/Src/stm32f7xx_hal_can.o
                0x080064dc                HAL_CAN_Stop
 .text.HAL_CAN_AddTxMessage
                0x0800656e      0x1a0 ./Drivers/STM32F7xx_HAL_Driver/Src/stm32f7xx_hal_can.o
                0x0800656e                HAL_CAN_AddTxMessage
 .text.HAL_CAN_AbortTxRequest
                0x0800670e       0x8a ./Drivers/STM32F7xx_HAL_Driver/Src/stm32f7xx_hal_can.o
                0x0800670e                HAL_CAN_AbortTxRequest
 .text.HAL_CAN_GetRxMessage
                0x08006798      0x244 ./Drivers/STM32F7xx_HAL_Driver/Src/stm32f7xx_hal_can.o
                0x08006798                HAL_CAN_GetRxMessage
 .text.HAL_CAN_GetRxFifoFillLevel
                0x080069dc       0x50 ./Drivers/STM32F7xx_HAL_Driver/Src/stm32f7xx_hal_can.o
                0x080069dc                HAL_CAN_GetRxFifoFillLevel
 .text.HAL_CAN_ActivateNotification
                0x08006a2c       0x4c ./Drivers/STM32F7xx_HAL_Driver/Src/stm32f7xx_hal_can.o
                0x08006a2c                HAL_CAN_ActivateNotification
 .text.HAL_CAN_IRQHandler
                0x08006a78      0x36e ./Drivers/STM32F7xx_HAL_Driver/Src/stm32f7xx_hal_can.o
                0x08006a78                HAL_CAN_IRQHandler
 .text.HAL_CAN_TxMailbox0CompleteCallback
                0x08006de6       0x14 ./Drivers/STM32F7xx_HAL_Driver/Src/stm32f7xx_hal_can.o
                0x08006de6                HAL_CAN_TxMailbox0CompleteCallback
 .text.HAL_CAN_TxMailbox1CompleteCallback
                0x08006dfa       0x14 ./Drivers/STM32F7xx_HAL_Driver/Src/stm32f7xx_hal_can.o
                0x08006dfa                HAL_CAN_TxMailbox1CompleteCallback
 .text.HAL_CAN_TxMailbox2CompleteCallback
                0x08006e0e       0x14 ./Drivers/STM32F7xx_HAL_Driver/Src/stm32f7xx_hal_can.o
                0x08006e0e                HAL_CAN_TxMailbox2CompleteCallback
 .text.HAL_CAN_TxMailbox0AbortCallback
                0x08006e22       0x14 ./Drivers/STM32F7xx_HAL_Driver/Src/stm32f7xx_hal_can.o
                0x08006e22                HAL_CAN_TxMailbox0AbortCallback
 .text.HAL_CAN_TxMailbox1AbortCallback
                0x08006e36       0x14 ./Drivers/STM32F7xx_HAL_Driver/Src/stm32f7xx_hal_can.o
                0x08006e36                HAL_CAN_TxMailbox1AbortCallback
 .text.HAL_CAN_TxMailbox2AbortCallback
                0x08006e4a       0x14 ./Drivers/STM32F7xx_HAL_Driver/Src/stm32f7xx_hal_can.o
                0x08006e4a                HAL_CAN_TxMailbox2AbortCallback
 .text.HAL_CAN_RxFifo0FullCallback
                0x08006e5e       0x14 ./Drivers/STM32F7xx_HAL_Driver/Src/stm32f7xx_hal_can.o
                0x08006e5e                HAL_CAN_RxFifo0FullCallback
 .text.HAL_CAN_RxFifo1FullCallback
                0x08006e72       0x14 ./Drivers/STM32F7xx_HAL_Driver/Src/stm32f7xx_hal_can.o
                0x08006e72                HAL_CAN_RxFifo1FullCallback
 .text.HAL_CAN_SleepCallback
                0x08006e86       0x14 ./Drivers/STM32F7xx_HAL_Driver/Src/stm32f7xx_hal_can.o
                0x08006e86                HAL_CAN_SleepCallback
 .text.HAL_CAN_WakeUpFromRxMsgCallback
                0x08006e9a       0x14 ./Drivers/STM32F7xx_HAL_Driver/Src/stm32f7xx_hal_can.o
                0x08006e9a                HAL_CAN_WakeUpFromRxMsgCallback
 *fill*         0x08006eae        0x2 
 .text.__NVIC_SetPriorityGrouping
                0x08006eb0       0x48 ./Drivers/STM32F7xx_HAL_Driver/Src/stm32f7xx_hal_cortex.o
 .text.__NVIC_GetPriorityGrouping
                0x08006ef8       0x1c ./Drivers/STM32F7xx_HAL_Driver/Src/stm32f7xx_hal_cortex.o
 .text.__NVIC_EnableIRQ
                0x08006f14       0x3c ./Drivers/STM32F7xx_HAL_Driver/Src/stm32f7xx_hal_cortex.o
 .text.__NVIC_SetPriority
                0x08006f50       0x54 ./Drivers/STM32F7xx_HAL_Driver/Src/stm32f7xx_hal_cortex.o
 .text.NVIC_EncodePriority
                0x08006fa4       0x66 ./Drivers/STM32F7xx_HAL_Driver/Src/stm32f7xx_hal_cortex.o
 .text.HAL_NVIC_SetPriorityGrouping
                0x0800700a       0x16 ./Drivers/STM32F7xx_HAL_Driver/Src/stm32f7xx_hal_cortex.o
                0x0800700a                HAL_NVIC_SetPriorityGrouping
 .text.HAL_NVIC_SetPriority
                0x08007020       0x38 ./Drivers/STM32F7xx_HAL_Driver/Src/stm32f7xx_hal_cortex.o
                0x08007020                HAL_NVIC_SetPriority
 .text.HAL_NVIC_EnableIRQ
                0x08007058       0x1c ./Drivers/STM32F7xx_HAL_Driver/Src/stm32f7xx_hal_cortex.o
                0x08007058                HAL_NVIC_EnableIRQ
 .text.HAL_DMA_Init
                0x08007074      0x15c ./Drivers/STM32F7xx_HAL_Driver/Src/stm32f7xx_hal_dma.o
                0x08007074                HAL_DMA_Init
 .text.HAL_DMA_Start_IT
                0x080071d0       0xc0 ./Drivers/STM32F7xx_HAL_Driver/Src/stm32f7xx_hal_dma.o
                0x080071d0                HAL_DMA_Start_IT
 .text.HAL_DMA_Abort
                0x08007290       0xe0 ./Drivers/STM32F7xx_HAL_Driver/Src/stm32f7xx_hal_dma.o
                0x08007290                HAL_DMA_Abort
 .text.HAL_DMA_Abort_IT
                0x08007370       0x44 ./Drivers/STM32F7xx_HAL_Driver/Src/stm32f7xx_hal_dma.o
                0x08007370                HAL_DMA_Abort_IT
 .text.HAL_DMA_IRQHandler
                0x080073b4      0x314 ./Drivers/STM32F7xx_HAL_Driver/Src/stm32f7xx_hal_dma.o
                0x080073b4                HAL_DMA_IRQHandler
 .text.HAL_DMA_GetError
                0x080076c8       0x18 ./Drivers/STM32F7xx_HAL_Driver/Src/stm32f7xx_hal_dma.o
                0x080076c8                HAL_DMA_GetError
 .text.DMA_SetConfig
                0x080076e0       0x5c ./Drivers/STM32F7xx_HAL_Driver/Src/stm32f7xx_hal_dma.o
 .text.DMA_CalcBaseAndBitshift
                0x0800773c       0x6c ./Drivers/STM32F7xx_HAL_Driver/Src/stm32f7xx_hal_dma.o
 .text.DMA_CheckFifoParam
                0x080077a8       0xf8 ./Drivers/STM32F7xx_HAL_Driver/Src/stm32f7xx_hal_dma.o
 .text.HAL_GPIO_Init
                0x080078a0      0x358 ./Drivers/STM32F7xx_HAL_Driver/Src/stm32f7xx_hal_gpio.o
                0x080078a0                HAL_GPIO_Init
 .text.HAL_GPIO_WritePin
                0x08007bf8       0x32 ./Drivers/STM32F7xx_HAL_Driver/Src/stm32f7xx_hal_gpio.o
                0x08007bf8                HAL_GPIO_WritePin
 .text.HAL_GPIO_TogglePin
                0x08007c2a       0x34 ./Drivers/STM32F7xx_HAL_Driver/Src/stm32f7xx_hal_gpio.o
                0x08007c2a                HAL_GPIO_TogglePin
 *fill*         0x08007c5e        0x2 
 .text.HAL_GPIO_EXTI_IRQHandler
                0x08007c60       0x30 ./Drivers/STM32F7xx_HAL_Driver/Src/stm32f7xx_hal_gpio.o
                0x08007c60                HAL_GPIO_EXTI_IRQHandler
 .text.HAL_GPIO_EXTI_Callback
                0x08007c90       0x16 ./Drivers/STM32F7xx_HAL_Driver/Src/stm32f7xx_hal_gpio.o
                0x08007c90                HAL_GPIO_EXTI_Callback
 .text.HAL_IWDG_Init
                0x08007ca6       0xa2 ./Drivers/STM32F7xx_HAL_Driver/Src/stm32f7xx_hal_iwdg.o
                0x08007ca6                HAL_IWDG_Init
 .text.HAL_IWDG_Refresh
                0x08007d48       0x20 ./Drivers/STM32F7xx_HAL_Driver/Src/stm32f7xx_hal_iwdg.o
                0x08007d48                HAL_IWDG_Refresh
 .text.HAL_PWREx_EnableOverDrive
                0x08007d68       0xa0 ./Drivers/STM32F7xx_HAL_Driver/Src/stm32f7xx_hal_pwr_ex.o
                0x08007d68                HAL_PWREx_EnableOverDrive
 .text.HAL_RCC_OscConfig
                0x08007e08      0x548 ./Drivers/STM32F7xx_HAL_Driver/Src/stm32f7xx_hal_rcc.o
                0x08007e08                HAL_RCC_OscConfig
 .text.HAL_RCC_ClockConfig
                0x08008350      0x1d8 ./Drivers/STM32F7xx_HAL_Driver/Src/stm32f7xx_hal_rcc.o
                0x08008350                HAL_RCC_ClockConfig
 .text.HAL_RCC_GetSysClockFreq
                0x08008528      0x20c ./Drivers/STM32F7xx_HAL_Driver/Src/stm32f7xx_hal_rcc.o
                0x08008528                HAL_RCC_GetSysClockFreq
 .text.HAL_RCC_GetHCLKFreq
                0x08008734       0x18 ./Drivers/STM32F7xx_HAL_Driver/Src/stm32f7xx_hal_rcc.o
                0x08008734                HAL_RCC_GetHCLKFreq
 .text.HAL_RCC_GetPCLK1Freq
                0x0800874c       0x28 ./Drivers/STM32F7xx_HAL_Driver/Src/stm32f7xx_hal_rcc.o
                0x0800874c                HAL_RCC_GetPCLK1Freq
 .text.HAL_RCC_GetPCLK2Freq
                0x08008774       0x28 ./Drivers/STM32F7xx_HAL_Driver/Src/stm32f7xx_hal_rcc.o
                0x08008774                HAL_RCC_GetPCLK2Freq
 .text.HAL_RCC_GetClockConfig
                0x0800879c       0x64 ./Drivers/STM32F7xx_HAL_Driver/Src/stm32f7xx_hal_rcc.o
                0x0800879c                HAL_RCC_GetClockConfig
 .text.HAL_RCCEx_PeriphCLKConfig
                0x08008800      0x7e0 ./Drivers/STM32F7xx_HAL_Driver/Src/stm32f7xx_hal_rcc_ex.o
                0x08008800                HAL_RCCEx_PeriphCLKConfig
 .text.HAL_TIM_Base_Init
                0x08008fe0       0xae ./Drivers/STM32F7xx_HAL_Driver/Src/stm32f7xx_hal_tim.o
                0x08008fe0                HAL_TIM_Base_Init
 .text.HAL_TIM_Base_MspInit
                0x0800908e       0x14 ./Drivers/STM32F7xx_HAL_Driver/Src/stm32f7xx_hal_tim.o
                0x0800908e                HAL_TIM_Base_MspInit
 *fill*         0x080090a2        0x2 
 .text.HAL_TIM_Base_Start_IT
                0x080090a4       0xf0 ./Drivers/STM32F7xx_HAL_Driver/Src/stm32f7xx_hal_tim.o
                0x080090a4                HAL_TIM_Base_Start_IT
 .text.HAL_TIM_IRQHandler
                0x08009194      0x20e ./Drivers/STM32F7xx_HAL_Driver/Src/stm32f7xx_hal_tim.o
                0x08009194                HAL_TIM_IRQHandler
 .text.HAL_TIM_OC_DelayElapsedCallback
                0x080093a2       0x14 ./Drivers/STM32F7xx_HAL_Driver/Src/stm32f7xx_hal_tim.o
                0x080093a2                HAL_TIM_OC_DelayElapsedCallback
 .text.HAL_TIM_IC_CaptureCallback
                0x080093b6       0x14 ./Drivers/STM32F7xx_HAL_Driver/Src/stm32f7xx_hal_tim.o
                0x080093b6                HAL_TIM_IC_CaptureCallback
 .text.HAL_TIM_PWM_PulseFinishedCallback
                0x080093ca       0x14 ./Drivers/STM32F7xx_HAL_Driver/Src/stm32f7xx_hal_tim.o
                0x080093ca                HAL_TIM_PWM_PulseFinishedCallback
 .text.HAL_TIM_TriggerCallback
                0x080093de       0x14 ./Drivers/STM32F7xx_HAL_Driver/Src/stm32f7xx_hal_tim.o
                0x080093de                HAL_TIM_TriggerCallback
 *fill*         0x080093f2        0x2 
 .text.TIM_Base_SetConfig
                0x080093f4      0x14c ./Drivers/STM32F7xx_HAL_Driver/Src/stm32f7xx_hal_tim.o
                0x080093f4                TIM_Base_SetConfig
 .text.HAL_TIMEx_CommutCallback
                0x08009540       0x14 ./Drivers/STM32F7xx_HAL_Driver/Src/stm32f7xx_hal_tim_ex.o
                0x08009540                HAL_TIMEx_CommutCallback
 .text.HAL_TIMEx_BreakCallback
                0x08009554       0x14 ./Drivers/STM32F7xx_HAL_Driver/Src/stm32f7xx_hal_tim_ex.o
                0x08009554                HAL_TIMEx_BreakCallback
 .text.HAL_TIMEx_Break2Callback
                0x08009568       0x14 ./Drivers/STM32F7xx_HAL_Driver/Src/stm32f7xx_hal_tim_ex.o
                0x08009568                HAL_TIMEx_Break2Callback
 .text.HAL_UART_Init
                0x0800957c       0x9c ./Drivers/STM32F7xx_HAL_Driver/Src/stm32f7xx_hal_uart.o
                0x0800957c                HAL_UART_Init
 .text.HAL_UART_Transmit_DMA
                0x08009618       0xf8 ./Drivers/STM32F7xx_HAL_Driver/Src/stm32f7xx_hal_uart.o
                0x08009618                HAL_UART_Transmit_DMA
 .text.HAL_UART_AbortTransmit
                0x08009710       0xd0 ./Drivers/STM32F7xx_HAL_Driver/Src/stm32f7xx_hal_uart.o
                0x08009710                HAL_UART_AbortTransmit
 .text.HAL_UART_IRQHandler
                0x080097e0      0x5d8 ./Drivers/STM32F7xx_HAL_Driver/Src/stm32f7xx_hal_uart.o
                0x080097e0                HAL_UART_IRQHandler
 .text.HAL_UART_TxHalfCpltCallback
                0x08009db8       0x14 ./Drivers/STM32F7xx_HAL_Driver/Src/stm32f7xx_hal_uart.o
                0x08009db8                HAL_UART_TxHalfCpltCallback
 .text.HAL_UARTEx_RxEventCallback
                0x08009dcc       0x18 ./Drivers/STM32F7xx_HAL_Driver/Src/stm32f7xx_hal_uart.o
                0x08009dcc                HAL_UARTEx_RxEventCallback
 .text.UART_SetConfig
                0x08009de4      0x4c8 ./Drivers/STM32F7xx_HAL_Driver/Src/stm32f7xx_hal_uart.o
                0x08009de4                UART_SetConfig
 .text.UART_AdvFeatureConfig
                0x0800a2ac      0x144 ./Drivers/STM32F7xx_HAL_Driver/Src/stm32f7xx_hal_uart.o
                0x0800a2ac                UART_AdvFeatureConfig
 .text.UART_CheckIdleState
                0x0800a3f0       0xae ./Drivers/STM32F7xx_HAL_Driver/Src/stm32f7xx_hal_uart.o
                0x0800a3f0                UART_CheckIdleState
 .text.UART_WaitOnFlagUntilTimeout
                0x0800a49e       0xda ./Drivers/STM32F7xx_HAL_Driver/Src/stm32f7xx_hal_uart.o
                0x0800a49e                UART_WaitOnFlagUntilTimeout
 .text.UART_EndTxTransfer
                0x0800a578       0x4c ./Drivers/STM32F7xx_HAL_Driver/Src/stm32f7xx_hal_uart.o
 .text.UART_EndRxTransfer
                0x0800a5c4       0xc8 ./Drivers/STM32F7xx_HAL_Driver/Src/stm32f7xx_hal_uart.o
 .text.UART_DMATransmitCplt
                0x0800a68c       0x96 ./Drivers/STM32F7xx_HAL_Driver/Src/stm32f7xx_hal_uart.o
 .text.UART_DMATxHalfCplt
                0x0800a722       0x1c ./Drivers/STM32F7xx_HAL_Driver/Src/stm32f7xx_hal_uart.o
 .text.UART_DMAError
                0x0800a73e       0x7e ./Drivers/STM32F7xx_HAL_Driver/Src/stm32f7xx_hal_uart.o
 .text.UART_DMAAbortOnError
                0x0800a7bc       0x24 ./Drivers/STM32F7xx_HAL_Driver/Src/stm32f7xx_hal_uart.o
 .text.UART_EndTransmit_IT
                0x0800a7e0       0x54 ./Drivers/STM32F7xx_HAL_Driver/Src/stm32f7xx_hal_uart.o
 .text.SVC_Setup
                0x0800a834        0xe ./Middlewares/Third_Party/FreeRTOS/Source/CMSIS_RTOS_V2/cmsis_os2.o
 *fill*         0x0800a842        0x2 
 .text.osKernelInitialize
                0x0800a844       0x68 ./Middlewares/Third_Party/FreeRTOS/Source/CMSIS_RTOS_V2/cmsis_os2.o
                0x0800a844                osKernelInitialize
 .text.osKernelGetState
                0x0800a8ac       0x44 ./Middlewares/Third_Party/FreeRTOS/Source/CMSIS_RTOS_V2/cmsis_os2.o
                0x0800a8ac                osKernelGetState
 .text.osKernelStart
                0x0800a8f0       0x6c ./Middlewares/Third_Party/FreeRTOS/Source/CMSIS_RTOS_V2/cmsis_os2.o
                0x0800a8f0                osKernelStart
 .text.osKernelGetTickCount
                0x0800a95c       0x50 ./Middlewares/Third_Party/FreeRTOS/Source/CMSIS_RTOS_V2/cmsis_os2.o
                0x0800a95c                osKernelGetTickCount
 .text.osKernelGetTickFreq
                0x0800a9ac       0x12 ./Middlewares/Third_Party/FreeRTOS/Source/CMSIS_RTOS_V2/cmsis_os2.o
                0x0800a9ac                osKernelGetTickFreq
 *fill*         0x0800a9be        0x2 
 .text.osThreadNew
                0x0800a9c0      0x14c ./Middlewares/Third_Party/FreeRTOS/Source/CMSIS_RTOS_V2/cmsis_os2.o
                0x0800a9c0                osThreadNew
 .text.osDelay  0x0800ab0c       0x5c ./Middlewares/Third_Party/FreeRTOS/Source/CMSIS_RTOS_V2/cmsis_os2.o
                0x0800ab0c                osDelay
 .text.osDelayUntil
                0x0800ab68       0x80 ./Middlewares/Third_Party/FreeRTOS/Source/CMSIS_RTOS_V2/cmsis_os2.o
                0x0800ab68                osDelayUntil
 .text.osMutexNew
                0x0800abe8      0x134 ./Middlewares/Third_Party/FreeRTOS/Source/CMSIS_RTOS_V2/cmsis_os2.o
                0x0800abe8                osMutexNew
 .text.osMutexAcquire
                0x0800ad1c       0xbc ./Middlewares/Third_Party/FreeRTOS/Source/CMSIS_RTOS_V2/cmsis_os2.o
                0x0800ad1c                osMutexAcquire
 .text.osMutexRelease
                0x0800add8       0xa0 ./Middlewares/Third_Party/FreeRTOS/Source/CMSIS_RTOS_V2/cmsis_os2.o
                0x0800add8                osMutexRelease
 .text.osMessageQueueNew
                0x0800ae78      0x10c ./Middlewares/Third_Party/FreeRTOS/Source/CMSIS_RTOS_V2/cmsis_os2.o
                0x0800ae78                osMessageQueueNew
 .text.osMessageQueuePut
                0x0800af84       0xe8 ./Middlewares/Third_Party/FreeRTOS/Source/CMSIS_RTOS_V2/cmsis_os2.o
                0x0800af84                osMessageQueuePut
 .text.osMessageQueueGet
                0x0800b06c       0xe4 ./Middlewares/Third_Party/FreeRTOS/Source/CMSIS_RTOS_V2/cmsis_os2.o
                0x0800b06c                osMessageQueueGet
 .text.vApplicationGetIdleTaskMemory
                0x0800b150       0x34 ./Middlewares/Third_Party/FreeRTOS/Source/CMSIS_RTOS_V2/cmsis_os2.o
                0x0800b150                vApplicationGetIdleTaskMemory
 .text.vApplicationGetTimerTaskMemory
                0x0800b184       0x34 ./Middlewares/Third_Party/FreeRTOS/Source/CMSIS_RTOS_V2/cmsis_os2.o
                0x0800b184                vApplicationGetTimerTaskMemory
 .text.vListInitialise
                0x0800b1b8       0x40 ./Middlewares/Third_Party/FreeRTOS/Source/list.o
                0x0800b1b8                vListInitialise
 .text.vListInitialiseItem
                0x0800b1f8       0x1a ./Middlewares/Third_Party/FreeRTOS/Source/list.o
                0x0800b1f8                vListInitialiseItem
 .text.vListInsertEnd
                0x0800b212       0x48 ./Middlewares/Third_Party/FreeRTOS/Source/list.o
                0x0800b212                vListInsertEnd
 .text.vListInsert
                0x0800b25a       0x72 ./Middlewares/Third_Party/FreeRTOS/Source/list.o
                0x0800b25a                vListInsert
 .text.uxListRemove
                0x0800b2cc       0x54 ./Middlewares/Third_Party/FreeRTOS/Source/list.o
                0x0800b2cc                uxListRemove
 .text.xQueueGenericReset
                0x0800b320       0xd8 ./Middlewares/Third_Party/FreeRTOS/Source/queue.o
                0x0800b320                xQueueGenericReset
 .text.xQueueGenericCreateStatic
                0x0800b3f8      0x10e ./Middlewares/Third_Party/FreeRTOS/Source/queue.o
                0x0800b3f8                xQueueGenericCreateStatic
 .text.xQueueGenericCreate
                0x0800b506       0x86 ./Middlewares/Third_Party/FreeRTOS/Source/queue.o
                0x0800b506                xQueueGenericCreate
 .text.prvInitialiseNewQueue
                0x0800b58c       0x46 ./Middlewares/Third_Party/FreeRTOS/Source/queue.o
 .text.prvInitialiseMutex
                0x0800b5d2       0x34 ./Middlewares/Third_Party/FreeRTOS/Source/queue.o
 .text.xQueueCreateMutex
                0x0800b606       0x30 ./Middlewares/Third_Party/FreeRTOS/Source/queue.o
                0x0800b606                xQueueCreateMutex
 .text.xQueueCreateMutexStatic
                0x0800b636       0x36 ./Middlewares/Third_Party/FreeRTOS/Source/queue.o
                0x0800b636                xQueueCreateMutexStatic
 .text.xQueueGiveMutexRecursive
                0x0800b66c       0x6e ./Middlewares/Third_Party/FreeRTOS/Source/queue.o
                0x0800b66c                xQueueGiveMutexRecursive
 .text.xQueueTakeMutexRecursive
                0x0800b6da       0x72 ./Middlewares/Third_Party/FreeRTOS/Source/queue.o
                0x0800b6da                xQueueTakeMutexRecursive
 .text.xQueueGenericSend
                0x0800b74c      0x214 ./Middlewares/Third_Party/FreeRTOS/Source/queue.o
                0x0800b74c                xQueueGenericSend
 .text.xQueueGenericSendFromISR
                0x0800b960      0x146 ./Middlewares/Third_Party/FreeRTOS/Source/queue.o
                0x0800b960                xQueueGenericSendFromISR
 *fill*         0x0800baa6        0x2 
 .text.xQueueReceive
                0x0800baa8      0x1d0 ./Middlewares/Third_Party/FreeRTOS/Source/queue.o
                0x0800baa8                xQueueReceive
 .text.xQueueSemaphoreTake
                0x0800bc78      0x230 ./Middlewares/Third_Party/FreeRTOS/Source/queue.o
                0x0800bc78                xQueueSemaphoreTake
 .text.xQueueReceiveFromISR
                0x0800bea8      0x110 ./Middlewares/Third_Party/FreeRTOS/Source/queue.o
                0x0800bea8                xQueueReceiveFromISR
 .text.prvGetDisinheritPriorityAfterTimeout
                0x0800bfb8       0x30 ./Middlewares/Third_Party/FreeRTOS/Source/queue.o
 .text.prvCopyDataToQueue
                0x0800bfe8       0xd4 ./Middlewares/Third_Party/FreeRTOS/Source/queue.o
 .text.prvCopyDataFromQueue
                0x0800c0bc       0x4c ./Middlewares/Third_Party/FreeRTOS/Source/queue.o
 .text.prvUnlockQueue
                0x0800c108       0xa4 ./Middlewares/Third_Party/FreeRTOS/Source/queue.o
 .text.prvIsQueueEmpty
                0x0800c1ac       0x2c ./Middlewares/Third_Party/FreeRTOS/Source/queue.o
 .text.prvIsQueueFull
                0x0800c1d8       0x30 ./Middlewares/Third_Party/FreeRTOS/Source/queue.o
 .text.vQueueAddToRegistry
                0x0800c208       0x54 ./Middlewares/Third_Party/FreeRTOS/Source/queue.o
                0x0800c208                vQueueAddToRegistry
 .text.vQueueWaitForMessageRestricted
                0x0800c25c       0x68 ./Middlewares/Third_Party/FreeRTOS/Source/queue.o
                0x0800c25c                vQueueWaitForMessageRestricted
 .text.xTaskCreateStatic
                0x0800c2c4       0xcc ./Middlewares/Third_Party/FreeRTOS/Source/tasks.o
                0x0800c2c4                xTaskCreateStatic
 .text.xTaskCreate
                0x0800c390       0x8a ./Middlewares/Third_Party/FreeRTOS/Source/tasks.o
                0x0800c390                xTaskCreate
 *fill*         0x0800c41a        0x2 
 .text.prvInitialiseNewTask
                0x0800c41c      0x154 ./Middlewares/Third_Party/FreeRTOS/Source/tasks.o
 .text.prvAddNewTaskToReadyList
                0x0800c570       0xe0 ./Middlewares/Third_Party/FreeRTOS/Source/tasks.o
 .text.vTaskDelayUntil
                0x0800c650      0x10c ./Middlewares/Third_Party/FreeRTOS/Source/tasks.o
                0x0800c650                vTaskDelayUntil
 .text.vTaskDelay
                0x0800c75c       0x70 ./Middlewares/Third_Party/FreeRTOS/Source/tasks.o
                0x0800c75c                vTaskDelay
 .text.vTaskStartScheduler
                0x0800c7cc       0xe8 ./Middlewares/Third_Party/FreeRTOS/Source/tasks.o
                0x0800c7cc                vTaskStartScheduler
 .text.vTaskSuspendAll
                0x0800c8b4       0x1c ./Middlewares/Third_Party/FreeRTOS/Source/tasks.o
                0x0800c8b4                vTaskSuspendAll
 .text.xTaskResumeAll
                0x0800c8d0      0x140 ./Middlewares/Third_Party/FreeRTOS/Source/tasks.o
                0x0800c8d0                xTaskResumeAll
 .text.xTaskGetTickCount
                0x0800ca10       0x20 ./Middlewares/Third_Party/FreeRTOS/Source/tasks.o
                0x0800ca10                xTaskGetTickCount
 .text.xTaskGetTickCountFromISR
                0x0800ca30       0x24 ./Middlewares/Third_Party/FreeRTOS/Source/tasks.o
                0x0800ca30                xTaskGetTickCountFromISR
 .text.xTaskIncrementTick
                0x0800ca54      0x178 ./Middlewares/Third_Party/FreeRTOS/Source/tasks.o
                0x0800ca54                xTaskIncrementTick
 .text.vTaskSwitchContext
                0x0800cbcc      0x118 ./Middlewares/Third_Party/FreeRTOS/Source/tasks.o
                0x0800cbcc                vTaskSwitchContext
 .text.vTaskPlaceOnEventList
                0x0800cce4       0x50 ./Middlewares/Third_Party/FreeRTOS/Source/tasks.o
                0x0800cce4                vTaskPlaceOnEventList
 .text.vTaskPlaceOnEventListRestricted
                0x0800cd34       0x5c ./Middlewares/Third_Party/FreeRTOS/Source/tasks.o
                0x0800cd34                vTaskPlaceOnEventListRestricted
 .text.xTaskRemoveFromEventList
                0x0800cd90       0xcc ./Middlewares/Third_Party/FreeRTOS/Source/tasks.o
                0x0800cd90                xTaskRemoveFromEventList
 .text.vTaskInternalSetTimeOutState
                0x0800ce5c       0x2c ./Middlewares/Third_Party/FreeRTOS/Source/tasks.o
                0x0800ce5c                vTaskInternalSetTimeOutState
 .text.xTaskCheckForTimeOut
                0x0800ce88       0xd0 ./Middlewares/Third_Party/FreeRTOS/Source/tasks.o
                0x0800ce88                xTaskCheckForTimeOut
 .text.vTaskMissedYield
                0x0800cf58       0x18 ./Middlewares/Third_Party/FreeRTOS/Source/tasks.o
                0x0800cf58                vTaskMissedYield
 .text.prvIdleTask
                0x0800cf70       0x30 ./Middlewares/Third_Party/FreeRTOS/Source/tasks.o
 .text.prvInitialiseTaskLists
                0x0800cfa0       0x80 ./Middlewares/Third_Party/FreeRTOS/Source/tasks.o
 .text.prvCheckTasksWaitingTermination
                0x0800d020       0x5c ./Middlewares/Third_Party/FreeRTOS/Source/tasks.o
 .text.prvDeleteTCB
                0x0800d07c       0x6e ./Middlewares/Third_Party/FreeRTOS/Source/tasks.o
 *fill*         0x0800d0ea        0x2 
 .text.prvResetNextTaskUnblockTime
                0x0800d0ec       0x40 ./Middlewares/Third_Party/FreeRTOS/Source/tasks.o
 .text.xTaskGetCurrentTaskHandle
                0x0800d12c       0x20 ./Middlewares/Third_Party/FreeRTOS/Source/tasks.o
                0x0800d12c                xTaskGetCurrentTaskHandle
 .text.xTaskGetSchedulerState
                0x0800d14c       0x3c ./Middlewares/Third_Party/FreeRTOS/Source/tasks.o
                0x0800d14c                xTaskGetSchedulerState
 .text.xTaskPriorityInherit
                0x0800d188       0xd0 ./Middlewares/Third_Party/FreeRTOS/Source/tasks.o
                0x0800d188                xTaskPriorityInherit
 .text.xTaskPriorityDisinherit
                0x0800d258       0xe8 ./Middlewares/Third_Party/FreeRTOS/Source/tasks.o
                0x0800d258                xTaskPriorityDisinherit
 .text.vTaskPriorityDisinheritAfterTimeout
                0x0800d340      0x110 ./Middlewares/Third_Party/FreeRTOS/Source/tasks.o
                0x0800d340                vTaskPriorityDisinheritAfterTimeout
 .text.pvTaskIncrementMutexHeldCount
                0x0800d450       0x28 ./Middlewares/Third_Party/FreeRTOS/Source/tasks.o
                0x0800d450                pvTaskIncrementMutexHeldCount
 .text.prvAddCurrentTaskToDelayedList
                0x0800d478       0xa8 ./Middlewares/Third_Party/FreeRTOS/Source/tasks.o
 .text.xTimerCreateTimerTask
                0x0800d520       0x98 ./Middlewares/Third_Party/FreeRTOS/Source/timers.o
                0x0800d520                xTimerCreateTimerTask
 .text.xTimerGenericCommand
                0x0800d5b8       0xa0 ./Middlewares/Third_Party/FreeRTOS/Source/timers.o
                0x0800d5b8                xTimerGenericCommand
 .text.prvProcessExpiredTimer
                0x0800d658       0xa0 ./Middlewares/Third_Party/FreeRTOS/Source/timers.o
 .text.prvTimerTask
                0x0800d6f8       0x26 ./Middlewares/Third_Party/FreeRTOS/Source/timers.o
 *fill*         0x0800d71e        0x2 
 .text.prvProcessTimerOrBlockTask
                0x0800d720       0x9c ./Middlewares/Third_Party/FreeRTOS/Source/timers.o
 .text.prvGetNextExpireTime
                0x0800d7bc       0x48 ./Middlewares/Third_Party/FreeRTOS/Source/timers.o
 .text.prvSampleTimeNow
                0x0800d804       0x40 ./Middlewares/Third_Party/FreeRTOS/Source/timers.o
 .text.prvInsertTimerInActiveList
                0x0800d844       0x84 ./Middlewares/Third_Party/FreeRTOS/Source/timers.o
 .text.prvProcessReceivedCommands
                0x0800d8c8      0x1d8 ./Middlewares/Third_Party/FreeRTOS/Source/timers.o
 .text.prvSwitchTimerLists
                0x0800daa0       0xd0 ./Middlewares/Third_Party/FreeRTOS/Source/timers.o
 .text.prvCheckForValidListAndQueue
                0x0800db70       0x80 ./Middlewares/Third_Party/FreeRTOS/Source/timers.o
 .text.pxPortInitialiseStack
                0x0800dbf0       0x68 ./Middlewares/Third_Party/FreeRTOS/Source/portable/GCC/ARM_CM7/r0p1/port.o
                0x0800dbf0                pxPortInitialiseStack
 .text.prvTaskExitError
                0x0800dc58       0x64 ./Middlewares/Third_Party/FreeRTOS/Source/portable/GCC/ARM_CM7/r0p1/port.o
 *fill*         0x0800dcbc        0x4 
 .text.SVC_Handler
                0x0800dcc0       0x28 ./Middlewares/Third_Party/FreeRTOS/Source/portable/GCC/ARM_CM7/r0p1/port.o
                0x0800dcc0                SVC_Handler
 .text.prvPortStartFirstTask
                0x0800dce8       0x28 ./Middlewares/Third_Party/FreeRTOS/Source/portable/GCC/ARM_CM7/r0p1/port.o
 .text.xPortStartScheduler
                0x0800dd10       0xfc ./Middlewares/Third_Party/FreeRTOS/Source/portable/GCC/ARM_CM7/r0p1/port.o
                0x0800dd10                xPortStartScheduler
 .text.vPortEnterCritical
                0x0800de0c       0x6c ./Middlewares/Third_Party/FreeRTOS/Source/portable/GCC/ARM_CM7/r0p1/port.o
                0x0800de0c                vPortEnterCritical
 .text.vPortExitCritical
                0x0800de78       0x58 ./Middlewares/Third_Party/FreeRTOS/Source/portable/GCC/ARM_CM7/r0p1/port.o
                0x0800de78                vPortExitCritical
 .text.PendSV_Handler
                0x0800ded0       0x68 ./Middlewares/Third_Party/FreeRTOS/Source/portable/GCC/ARM_CM7/r0p1/port.o
                0x0800ded0                PendSV_Handler
 .text.SysTick_Handler
                0x0800df38       0x48 ./Middlewares/Third_Party/FreeRTOS/Source/portable/GCC/ARM_CM7/r0p1/port.o
                0x0800df38                SysTick_Handler
 .text.vPortSetupTimerInterrupt
                0x0800df80       0x48 ./Middlewares/Third_Party/FreeRTOS/Source/portable/GCC/ARM_CM7/r0p1/port.o
                0x0800df80                vPortSetupTimerInterrupt
 .text.vPortEnableVFP
                0x0800dfc8       0x14 ./Middlewares/Third_Party/FreeRTOS/Source/portable/GCC/ARM_CM7/r0p1/port.o
 .text.vPortValidateInterruptPriority
                0x0800dfdc       0x8c ./Middlewares/Third_Party/FreeRTOS/Source/portable/GCC/ARM_CM7/r0p1/port.o
                0x0800dfdc                vPortValidateInterruptPriority
 .text.pvPortMalloc
                0x0800e068      0x1a4 ./Middlewares/Third_Party/FreeRTOS/Source/portable/MemMang/heap_4.o
                0x0800e068                pvPortMalloc
 .text.vPortFree
                0x0800e20c       0xc0 ./Middlewares/Third_Party/FreeRTOS/Source/portable/MemMang/heap_4.o
                0x0800e20c                vPortFree
 .text.prvHeapInit
                0x0800e2cc       0xc4 ./Middlewares/Third_Party/FreeRTOS/Source/portable/MemMang/heap_4.o
 .text.prvInsertBlockIntoFreeList
                0x0800e390       0xb4 ./Middlewares/Third_Party/FreeRTOS/Source/portable/MemMang/heap_4.o
 .text.__cvt    0x0800e444       0xca C:/ST/STM32CubeIDE_1.14.1/STM32CubeIDE/plugins/com.st.stm32cube.ide.mcu.externaltools.gnu-tools-for-stm32.14.3.rel1.win32_1.0.100.202602081740/tools/bin/../lib/gcc/arm-none-eabi/14.3.1/../../../../arm-none-eabi/lib/thumb/v7e-m+fp/hard\libc_nano.a(libc_a-nano-vfprintf_float.o)
                0x0800e444                __cvt
 .text.__exponent
                0x0800e50e       0x74 C:/ST/STM32CubeIDE_1.14.1/STM32CubeIDE/plugins/com.st.stm32cube.ide.mcu.externaltools.gnu-tools-for-stm32.14.3.rel1.win32_1.0.100.202602081740/tools/bin/../lib/gcc/arm-none-eabi/14.3.1/../../../../arm-none-eabi/lib/thumb/v7e-m+fp/hard\libc_nano.a(libc_a-nano-vfprintf_float.o)
                0x0800e50e                __exponent
 *fill*         0x0800e582        0x2 
 .text._printf_float
                0x0800e584      0x450 C:/ST/STM32CubeIDE_1.14.1/STM32CubeIDE/plugins/com.st.stm32cube.ide.mcu.externaltools.gnu-tools-for-stm32.14.3.rel1.win32_1.0.100.202602081740/tools/bin/../lib/gcc/arm-none-eabi/14.3.1/../../../../arm-none-eabi/lib/thumb/v7e-m+fp/hard\libc_nano.a(libc_a-nano-vfprintf_float.o)
                0x0800e584                _printf_float
 .text._printf_common
                0x0800e9d4       0xda C:/ST/STM32CubeIDE_1.14.1/STM32CubeIDE/plugins/com.st.stm32cube.ide.mcu.externaltools.gnu-tools-for-stm32.14.3.rel1.win32_1.0.100.202602081740/tools/bin/../lib/gcc/arm-none-eabi/14.3.1/../../../../arm-none-eabi/lib/thumb/v7e-m+fp/hard\libc_nano.a(libc_a-nano-vfprintf_i.o)
                0x0800e9d4                _printf_common
 *fill*         0x0800eaae        0x2 
 .text._printf_i
                0x0800eab0      0x24c C:/ST/STM32CubeIDE_1.14.1/STM32CubeIDE/plugins/com.st.stm32cube.ide.mcu.externaltools.gnu-tools-for-stm32.14.3.rel1.win32_1.0.100.202602081740/tools/bin/../lib/gcc/arm-none-eabi/14.3.1/../../../../arm-none-eabi/lib/thumb/v7e-m+fp/hard\libc_nano.a(libc_a-nano-vfprintf_i.o)
                0x0800eab0                _printf_i
 .text.std      0x0800ecfc       0x6c C:/ST/STM32CubeIDE_1.14.1/STM32CubeIDE/plugins/com.st.stm32cube.ide.mcu.externaltools.gnu-tools-for-stm32.14.3.rel1.win32_1.0.100.202602081740/tools/bin/../lib/gcc/arm-none-eabi/14.3.1/../../../../arm-none-eabi/lib/thumb/v7e-m+fp/hard\libc_nano.a(libc_a-findfp.o)
 .text.stdio_exit_handler
                0x0800ed68       0x18 C:/ST/STM32CubeIDE_1.14.1/STM32CubeIDE/plugins/com.st.stm32cube.ide.mcu.externaltools.gnu-tools-for-stm32.14.3.rel1.win32_1.0.100.202602081740/tools/bin/../lib/gcc/arm-none-eabi/14.3.1/../../../../arm-none-eabi/lib/thumb/v7e-m+fp/hard\libc_nano.a(libc_a-findfp.o)
 .text.cleanup_stdio
                0x0800ed80       0x40 C:/ST/STM32CubeIDE_1.14.1/STM32CubeIDE/plugins/com.st.stm32cube.ide.mcu.externaltools.gnu-tools-for-stm32.14.3.rel1.win32_1.0.100.202602081740/tools/bin/../lib/gcc/arm-none-eabi/14.3.1/../../../../arm-none-eabi/lib/thumb/v7e-m+fp/hard\libc_nano.a(libc_a-findfp.o)
 .text.global_stdio_init.part.0
                0x0800edc0       0x40 C:/ST/STM32CubeIDE_1.14.1/STM32CubeIDE/plugins/com.st.stm32cube.ide.mcu.externaltools.gnu-tools-for-stm32.14.3.rel1.win32_1.0.100.202602081740/tools/bin/../lib/gcc/arm-none-eabi/14.3.1/../../../../arm-none-eabi/lib/thumb/v7e-m+fp/hard\libc_nano.a(libc_a-findfp.o)
 .text.__sfp_lock_acquire
                0x0800ee00        0xc C:/ST/STM32CubeIDE_1.14.1/STM32CubeIDE/plugins/com.st.stm32cube.ide.mcu.externaltools.gnu-tools-for-stm32.14.3.rel1.win32_1.0.100.202602081740/tools/bin/../lib/gcc/arm-none-eabi/14.3.1/../../../../arm-none-eabi/lib/thumb/v7e-m+fp/hard\libc_nano.a(libc_a-findfp.o)
                0x0800ee00                __sfp_lock_acquire
 .text.__sfp_lock_release
                0x0800ee0c        0xc C:/ST/STM32CubeIDE_1.14.1/STM32CubeIDE/plugins/com.st.stm32cube.ide.mcu.externaltools.gnu-tools-for-stm32.14.3.rel1.win32_1.0.100.202602081740/tools/bin/../lib/gcc/arm-none-eabi/14.3.1/../../../../arm-none-eabi/lib/thumb/v7e-m+fp/hard\libc_nano.a(libc_a-findfp.o)
                0x0800ee0c                __sfp_lock_release
 .text.__sinit  0x0800ee18       0x30 C:/ST/STM32CubeIDE_1.14.1/STM32CubeIDE/plugins/com.st.stm32cube.ide.mcu.externaltools.gnu-tools-for-stm32.14.3.rel1.win32_1.0.100.202602081740/tools/bin/../lib/gcc/arm-none-eabi/14.3.1/../../../../arm-none-eabi/lib/thumb/v7e-m+fp/hard\libc_nano.a(libc_a-findfp.o)
                0x0800ee18                __sinit
 .text._fwalk_sglue
                0x0800ee48       0x3c C:/ST/STM32CubeIDE_1.14.1/STM32CubeIDE/plugins/com.st.stm32cube.ide.mcu.externaltools.gnu-tools-for-stm32.14.3.rel1.win32_1.0.100.202602081740/tools/bin/../lib/gcc/arm-none-eabi/14.3.1/../../../../arm-none-eabi/lib/thumb/v7e-m+fp/hard\libc_nano.a(libc_a-fwalk.o)
                0x0800ee48                _fwalk_sglue
 .text.__sread  0x0800ee84       0x22 C:/ST/STM32CubeIDE_1.14.1/STM32CubeIDE/plugins/com.st.stm32cube.ide.mcu.externaltools.gnu-tools-for-stm32.14.3.rel1.win32_1.0.100.202602081740/tools/bin/../lib/gcc/arm-none-eabi/14.3.1/../../../../arm-none-eabi/lib/thumb/v7e-m+fp/hard\libc_nano.a(libc_a-stdio.o)
                0x0800ee84                __sread
 .text.__swrite
                0x0800eea6       0x38 C:/ST/STM32CubeIDE_1.14.1/STM32CubeIDE/plugins/com.st.stm32cube.ide.mcu.externaltools.gnu-tools-for-stm32.14.3.rel1.win32_1.0.100.202602081740/tools/bin/../lib/gcc/arm-none-eabi/14.3.1/../../../../arm-none-eabi/lib/thumb/v7e-m+fp/hard\libc_nano.a(libc_a-stdio.o)
                0x0800eea6                __swrite
 .text.__sseek  0x0800eede       0x26 C:/ST/STM32CubeIDE_1.14.1/STM32CubeIDE/plugins/com.st.stm32cube.ide.mcu.externaltools.gnu-tools-for-stm32.14.3.rel1.win32_1.0.100.202602081740/tools/bin/../lib/gcc/arm-none-eabi/14.3.1/../../../../arm-none-eabi/lib/thumb/v7e-m+fp/hard\libc_nano.a(libc_a-stdio.o)
                0x0800eede                __sseek
 .text.__sclose
                0x0800ef04        0x8 C:/ST/STM32CubeIDE_1.14.1/STM32CubeIDE/plugins/com.st.stm32cube.ide.mcu.externaltools.gnu-tools-for-stm32.14.3.rel1.win32_1.0.100.202602081740/tools/bin/../lib/gcc/arm-none-eabi/14.3.1/../../../../arm-none-eabi/lib/thumb/v7e-m+fp/hard\libc_nano.a(libc_a-stdio.o)
                0x0800ef04                __sclose
 .text._vsnprintf_r
                0x0800ef0c       0x5c C:/ST/STM32CubeIDE_1.14.1/STM32CubeIDE/plugins/com.st.stm32cube.ide.mcu.externaltools.gnu-tools-for-stm32.14.3.rel1.win32_1.0.100.202602081740/tools/bin/../lib/gcc/arm-none-eabi/14.3.1/../../../../arm-none-eabi/lib/thumb/v7e-m+fp/hard\libc_nano.a(libc_a-vsnprintf.o)
                0x0800ef0c                _vsniprintf_r
                0x0800ef0c                _vsnprintf_r
 .text.vsnprintf
                0x0800ef68       0x1c C:/ST/STM32CubeIDE_1.14.1/STM32CubeIDE/plugins/com.st.stm32cube.ide.mcu.externaltools.gnu-tools-for-stm32.14.3.rel1.win32_1.0.100.202602081740/tools/bin/../lib/gcc/arm-none-eabi/14.3.1/../../../../arm-none-eabi/lib/thumb/v7e-m+fp/hard\libc_nano.a(libc_a-vsnprintf.o)
                0x0800ef68                vsniprintf
                0x0800ef68                vsnprintf
 .text.memset   0x0800ef84       0x10 C:/ST/STM32CubeIDE_1.14.1/STM32CubeIDE/plugins/com.st.stm32cube.ide.mcu.externaltools.gnu-tools-for-stm32.14.3.rel1.win32_1.0.100.202602081740/tools/bin/../lib/gcc/arm-none-eabi/14.3.1/../../../../arm-none-eabi/lib/thumb/v7e-m+fp/hard\libc_nano.a(libc_a-memset.o)
                0x0800ef84                memset
 .text._localeconv_r
                0x0800ef94        0x8 C:/ST/STM32CubeIDE_1.14.1/STM32CubeIDE/plugins/com.st.stm32cube.ide.mcu.externaltools.gnu-tools-for-stm32.14.3.rel1.win32_1.0.100.202602081740/tools/bin/../lib/gcc/arm-none-eabi/14.3.1/../../../../arm-none-eabi/lib/thumb/v7e-m+fp/hard\libc_nano.a(libc_a-localeconv.o)
                0x0800ef94                _localeconv_r
 .text._close_r
                0x0800ef9c       0x20 C:/ST/STM32CubeIDE_1.14.1/STM32CubeIDE/plugins/com.st.stm32cube.ide.mcu.externaltools.gnu-tools-for-stm32.14.3.rel1.win32_1.0.100.202602081740/tools/bin/../lib/gcc/arm-none-eabi/14.3.1/../../../../arm-none-eabi/lib/thumb/v7e-m+fp/hard\libc_nano.a(libc_a-closer.o)
                0x0800ef9c                _close_r
 .text._reclaim_reent
                0x0800efbc       0xbc C:/ST/STM32CubeIDE_1.14.1/STM32CubeIDE/plugins/com.st.stm32cube.ide.mcu.externaltools.gnu-tools-for-stm32.14.3.rel1.win32_1.0.100.202602081740/tools/bin/../lib/gcc/arm-none-eabi/14.3.1/../../../../arm-none-eabi/lib/thumb/v7e-m+fp/hard\libc_nano.a(libc_a-reent.o)
                0x0800efbc                _reclaim_reent
 .text._lseek_r
                0x0800f078       0x24 C:/ST/STM32CubeIDE_1.14.1/STM32CubeIDE/plugins/com.st.stm32cube.ide.mcu.externaltools.gnu-tools-for-stm32.14.3.rel1.win32_1.0.100.202602081740/tools/bin/../lib/gcc/arm-none-eabi/14.3.1/../../../../arm-none-eabi/lib/thumb/v7e-m+fp/hard\libc_nano.a(libc_a-lseekr.o)
                0x0800f078                _lseek_r
 .text._read_r  0x0800f09c       0x24 C:/ST/STM32CubeIDE_1.14.1/STM32CubeIDE/plugins/com.st.stm32cube.ide.mcu.externaltools.gnu-tools-for-stm32.14.3.rel1.win32_1.0.100.202602081740/tools/bin/../lib/gcc/arm-none-eabi/14.3.1/../../../../arm-none-eabi/lib/thumb/v7e-m+fp/hard\libc_nano.a(libc_a-readr.o)
                0x0800f09c                _read_r
 .text._write_r
                0x0800f0c0       0x24 C:/ST/STM32CubeIDE_1.14.1/STM32CubeIDE/plugins/com.st.stm32cube.ide.mcu.externaltools.gnu-tools-for-stm32.14.3.rel1.win32_1.0.100.202602081740/tools/bin/../lib/gcc/arm-none-eabi/14.3.1/../../../../arm-none-eabi/lib/thumb/v7e-m+fp/hard\libc_nano.a(libc_a-writer.o)
                0x0800f0c0                _write_r
 .text.__errno  0x0800f0e4        0xc C:/ST/STM32CubeIDE_1.14.1/STM32CubeIDE/plugins/com.st.stm32cube.ide.mcu.externaltools.gnu-tools-for-stm32.14.3.rel1.win32_1.0.100.202602081740/tools/bin/../lib/gcc/arm-none-eabi/14.3.1/../../../../arm-none-eabi/lib/thumb/v7e-m+fp/hard\libc_nano.a(libc_a-errno.o)
                0x0800f0e4                __errno
 .text.__libc_init_array
                0x0800f0f0       0x48 C:/ST/STM32CubeIDE_1.14.1/STM32CubeIDE/plugins/com.st.stm32cube.ide.mcu.externaltools.gnu-tools-for-stm32.14.3.rel1.win32_1.0.100.202602081740/tools/bin/../lib/gcc/arm-none-eabi/14.3.1/../../../../arm-none-eabi/lib/thumb/v7e-m+fp/hard\libc_nano.a(libc_a-init.o)
                0x0800f0f0                __libc_init_array
 .text.__retarget_lock_init_recursive
                0x0800f138        0x2 C:/ST/STM32CubeIDE_1.14.1/STM32CubeIDE/plugins/com.st.stm32cube.ide.mcu.externaltools.gnu-tools-for-stm32.14.3.rel1.win32_1.0.100.202602081740/tools/bin/../lib/gcc/arm-none-eabi/14.3.1/../../../../arm-none-eabi/lib/thumb/v7e-m+fp/hard\libc_nano.a(libc_a-lock.o)
                0x0800f138                __retarget_lock_init_recursive
 .text.__retarget_lock_acquire_recursive
                0x0800f13a        0x2 C:/ST/STM32CubeIDE_1.14.1/STM32CubeIDE/plugins/com.st.stm32cube.ide.mcu.externaltools.gnu-tools-for-stm32.14.3.rel1.win32_1.0.100.202602081740/tools/bin/../lib/gcc/arm-none-eabi/14.3.1/../../../../arm-none-eabi/lib/thumb/v7e-m+fp/hard\libc_nano.a(libc_a-lock.o)
                0x0800f13a                __retarget_lock_acquire_recursive
 .text.__retarget_lock_release_recursive
                0x0800f13c        0x2 C:/ST/STM32CubeIDE_1.14.1/STM32CubeIDE/plugins/com.st.stm32cube.ide.mcu.externaltools.gnu-tools-for-stm32.14.3.rel1.win32_1.0.100.202602081740/tools/bin/../lib/gcc/arm-none-eabi/14.3.1/../../../../arm-none-eabi/lib/thumb/v7e-m+fp/hard\libc_nano.a(libc_a-lock.o)
                0x0800f13c                __retarget_lock_release_recursive
 .text.memcpy   0x0800f13e       0x1c C:/ST/STM32CubeIDE_1.14.1/STM32CubeIDE/plugins/com.st.stm32cube.ide.mcu.externaltools.gnu-tools-for-stm32.14.3.rel1.win32_1.0.100.202602081740/tools/bin/../lib/gcc/arm-none-eabi/14.3.1/../../../../arm-none-eabi/lib/thumb/v7e-m+fp/hard\libc_nano.a(libc_a-memcpy-stub.o)
                0x0800f13e                memcpy
 .text.quorem   0x0800f15a      0x110 C:/ST/STM32CubeIDE_1.14.1/STM32CubeIDE/plugins/com.st.stm32cube.ide.mcu.externaltools.gnu-tools-for-stm32.14.3.rel1.win32_1.0.100.202602081740/tools/bin/../lib/gcc/arm-none-eabi/14.3.1/../../../../arm-none-eabi/lib/thumb/v7e-m+fp/hard\libc_nano.a(libc_a-dtoa.o)
 *fill*         0x0800f26a        0x6 
 .text._dtoa_r  0x0800f270      0xbb8 C:/ST/STM32CubeIDE_1.14.1/STM32CubeIDE/plugins/com.st.stm32cube.ide.mcu.externaltools.gnu-tools-for-stm32.14.3.rel1.win32_1.0.100.202602081740/tools/bin/../lib/gcc/arm-none-eabi/14.3.1/../../../../arm-none-eabi/lib/thumb/v7e-m+fp/hard\libc_nano.a(libc_a-dtoa.o)
                0x0800f270                _dtoa_r
 .text._free_r  0x0800fe28       0x94 C:/ST/STM32CubeIDE_1.14.1/STM32CubeIDE/plugins/com.st.stm32cube.ide.mcu.externaltools.gnu-tools-for-stm32.14.3.rel1.win32_1.0.100.202602081740/tools/bin/../lib/gcc/arm-none-eabi/14.3.1/../../../../arm-none-eabi/lib/thumb/v7e-m+fp/hard\libc_nano.a(libc_a-freer.o)
                0x0800fe28                _free_r
 .text.malloc   0x0800febc       0x10 C:/ST/STM32CubeIDE_1.14.1/STM32CubeIDE/plugins/com.st.stm32cube.ide.mcu.externaltools.gnu-tools-for-stm32.14.3.rel1.win32_1.0.100.202602081740/tools/bin/../lib/gcc/arm-none-eabi/14.3.1/../../../../arm-none-eabi/lib/thumb/v7e-m+fp/hard\libc_nano.a(libc_a-malloc.o)
                0x0800febc                malloc
 .text.sbrk_aligned
                0x0800fecc       0x44 C:/ST/STM32CubeIDE_1.14.1/STM32CubeIDE/plugins/com.st.stm32cube.ide.mcu.externaltools.gnu-tools-for-stm32.14.3.rel1.win32_1.0.100.202602081740/tools/bin/../lib/gcc/arm-none-eabi/14.3.1/../../../../arm-none-eabi/lib/thumb/v7e-m+fp/hard\libc_nano.a(libc_a-mallocr.o)
 .text._malloc_r
                0x0800ff10      0x100 C:/ST/STM32CubeIDE_1.14.1/STM32CubeIDE/plugins/com.st.stm32cube.ide.mcu.externaltools.gnu-tools-for-stm32.14.3.rel1.win32_1.0.100.202602081740/tools/bin/../lib/gcc/arm-none-eabi/14.3.1/../../../../arm-none-eabi/lib/thumb/v7e-m+fp/hard\libc_nano.a(libc_a-mallocr.o)
                0x0800ff10                _malloc_r
 .text.__malloc_lock
                0x08010010        0xc C:/ST/STM32CubeIDE_1.14.1/STM32CubeIDE/plugins/com.st.stm32cube.ide.mcu.externaltools.gnu-tools-for-stm32.14.3.rel1.win32_1.0.100.202602081740/tools/bin/../lib/gcc/arm-none-eabi/14.3.1/../../../../arm-none-eabi/lib/thumb/v7e-m+fp/hard\libc_nano.a(libc_a-mlock.o)
                0x08010010                __malloc_lock
 .text.__malloc_unlock
                0x0801001c        0xc C:/ST/STM32CubeIDE_1.14.1/STM32CubeIDE/plugins/com.st.stm32cube.ide.mcu.externaltools.gnu-tools-for-stm32.14.3.rel1.win32_1.0.100.202602081740/tools/bin/../lib/gcc/arm-none-eabi/14.3.1/../../../../arm-none-eabi/lib/thumb/v7e-m+fp/hard\libc_nano.a(libc_a-mlock.o)
                0x0801001c                __malloc_unlock
 .text._Balloc  0x08010028       0x7c C:/ST/STM32CubeIDE_1.14.1/STM32CubeIDE/plugins/com.st.stm32cube.ide.mcu.externaltools.gnu-tools-for-stm32.14.3.rel1.win32_1.0.100.202602081740/tools/bin/../lib/gcc/arm-none-eabi/14.3.1/../../../../arm-none-eabi/lib/thumb/v7e-m+fp/hard\libc_nano.a(libc_a-mprec.o)
                0x08010028                _Balloc
 .text._Bfree   0x080100a4       0x44 C:/ST/STM32CubeIDE_1.14.1/STM32CubeIDE/plugins/com.st.stm32cube.ide.mcu.externaltools.gnu-tools-for-stm32.14.3.rel1.win32_1.0.100.202602081740/tools/bin/../lib/gcc/arm-none-eabi/14.3.1/../../../../arm-none-eabi/lib/thumb/v7e-m+fp/hard\libc_nano.a(libc_a-mprec.o)
                0x080100a4                _Bfree
 .text.__multadd
                0x080100e8       0x8c C:/ST/STM32CubeIDE_1.14.1/STM32CubeIDE/plugins/com.st.stm32cube.ide.mcu.externaltools.gnu-tools-for-stm32.14.3.rel1.win32_1.0.100.202602081740/tools/bin/../lib/gcc/arm-none-eabi/14.3.1/../../../../arm-none-eabi/lib/thumb/v7e-m+fp/hard\libc_nano.a(libc_a-mprec.o)
                0x080100e8                __multadd
 .text.__hi0bits
                0x08010174       0x3e C:/ST/STM32CubeIDE_1.14.1/STM32CubeIDE/plugins/com.st.stm32cube.ide.mcu.externaltools.gnu-tools-for-stm32.14.3.rel1.win32_1.0.100.202602081740/tools/bin/../lib/gcc/arm-none-eabi/14.3.1/../../../../arm-none-eabi/lib/thumb/v7e-m+fp/hard\libc_nano.a(libc_a-mprec.o)
                0x08010174                __hi0bits
 .text.__lo0bits
                0x080101b2       0x5a C:/ST/STM32CubeIDE_1.14.1/STM32CubeIDE/plugins/com.st.stm32cube.ide.mcu.externaltools.gnu-tools-for-stm32.14.3.rel1.win32_1.0.100.202602081740/tools/bin/../lib/gcc/arm-none-eabi/14.3.1/../../../../arm-none-eabi/lib/thumb/v7e-m+fp/hard\libc_nano.a(libc_a-mprec.o)
                0x080101b2                __lo0bits
 .text.__i2b    0x0801020c       0x2c C:/ST/STM32CubeIDE_1.14.1/STM32CubeIDE/plugins/com.st.stm32cube.ide.mcu.externaltools.gnu-tools-for-stm32.14.3.rel1.win32_1.0.100.202602081740/tools/bin/../lib/gcc/arm-none-eabi/14.3.1/../../../../arm-none-eabi/lib/thumb/v7e-m+fp/hard\libc_nano.a(libc_a-mprec.o)
                0x0801020c                __i2b
 .text.__multiply
                0x08010238      0x154 C:/ST/STM32CubeIDE_1.14.1/STM32CubeIDE/plugins/com.st.stm32cube.ide.mcu.externaltools.gnu-tools-for-stm32.14.3.rel1.win32_1.0.100.202602081740/tools/bin/../lib/gcc/arm-none-eabi/14.3.1/../../../../arm-none-eabi/lib/thumb/v7e-m+fp/hard\libc_nano.a(libc_a-mprec.o)
                0x08010238                __multiply
 .text.__pow5mult
                0x0801038c       0xb8 C:/ST/STM32CubeIDE_1.14.1/STM32CubeIDE/plugins/com.st.stm32cube.ide.mcu.externaltools.gnu-tools-for-stm32.14.3.rel1.win32_1.0.100.202602081740/tools/bin/../lib/gcc/arm-none-eabi/14.3.1/../../../../arm-none-eabi/lib/thumb/v7e-m+fp/hard\libc_nano.a(libc_a-mprec.o)
                0x0801038c                __pow5mult
 .text.__lshift
                0x08010444       0xdc C:/ST/STM32CubeIDE_1.14.1/STM32CubeIDE/plugins/com.st.stm32cube.ide.mcu.externaltools.gnu-tools-for-stm32.14.3.rel1.win32_1.0.100.202602081740/tools/bin/../lib/gcc/arm-none-eabi/14.3.1/../../../../arm-none-eabi/lib/thumb/v7e-m+fp/hard\libc_nano.a(libc_a-mprec.o)
                0x08010444                __lshift
 .text.__mcmp   0x08010520       0x36 C:/ST/STM32CubeIDE_1.14.1/STM32CubeIDE/plugins/com.st.stm32cube.ide.mcu.externaltools.gnu-tools-for-stm32.14.3.rel1.win32_1.0.100.202602081740/tools/bin/../lib/gcc/arm-none-eabi/14.3.1/../../../../arm-none-eabi/lib/thumb/v7e-m+fp/hard\libc_nano.a(libc_a-mprec.o)
                0x08010520                __mcmp
 *fill*         0x08010556        0x2 
 .text.__mdiff  0x08010558      0x130 C:/ST/STM32CubeIDE_1.14.1/STM32CubeIDE/plugins/com.st.stm32cube.ide.mcu.externaltools.gnu-tools-for-stm32.14.3.rel1.win32_1.0.100.202602081740/tools/bin/../lib/gcc/arm-none-eabi/14.3.1/../../../../arm-none-eabi/lib/thumb/v7e-m+fp/hard\libc_nano.a(libc_a-mprec.o)
                0x08010558                __mdiff
 .text.__d2b    0x08010688       0xb0 C:/ST/STM32CubeIDE_1.14.1/STM32CubeIDE/plugins/com.st.stm32cube.ide.mcu.externaltools.gnu-tools-for-stm32.14.3.rel1.win32_1.0.100.202602081740/tools/bin/../lib/gcc/arm-none-eabi/14.3.1/../../../../arm-none-eabi/lib/thumb/v7e-m+fp/hard\libc_nano.a(libc_a-mprec.o)
                0x08010688                __d2b
 .text.__ssputs_r
                0x08010738       0xc0 C:/ST/STM32CubeIDE_1.14.1/STM32CubeIDE/plugins/com.st.stm32cube.ide.mcu.externaltools.gnu-tools-for-stm32.14.3.rel1.win32_1.0.100.202602081740/tools/bin/../lib/gcc/arm-none-eabi/14.3.1/../../../../arm-none-eabi/lib/thumb/v7e-m+fp/hard\libc_nano.a(libc_a-nano-svfprintf.o)
                0x08010738                __ssputs_r
 .text._svfprintf_r
                0x080107f8      0x1f0 C:/ST/STM32CubeIDE_1.14.1/STM32CubeIDE/plugins/com.st.stm32cube.ide.mcu.externaltools.gnu-tools-for-stm32.14.3.rel1.win32_1.0.100.202602081740/tools/bin/../lib/gcc/arm-none-eabi/14.3.1/../../../../arm-none-eabi/lib/thumb/v7e-m+fp/hard\libc_nano.a(libc_a-nano-svfprintf.o)
                0x080107f8                _svfiprintf_r