../Core/Src/Sensors/SAS.c:28:13:sort_array	24	static
../Core/Src/Sensors/SAS.c:44:17:apply_median_filter	40	static
../Core/Src/Sensors/SAS.c:67:17:apply_moving_average	24	static
../Core/Src/Sensors/SAS.c:89:17:apply_filter	24	static
../Core/Src/Sensors/SAS.c:98:16:adc_to_angle	48	static
../Core/Src/Sensors/SAS.c:143:13:check_out_of_range	24	static
../Core/Src/Sensors/SAS.c:165:6:SAS_Init	8	static
../Core/Src/Sensors/SAS.c:189:6:SAS_Update	24	static
../Core/Src/Sensors/SAS.c:213:6:SAS_SetCalibration	16	static
../Core/Src/Sensors/SAS.c:226:6:SAS_ForceReset	4	static
